Archive member included to satisfy reference by file (symbol)

/opt/homebrew/Cellar/arm-none-eabi-gcc/10.3-2021.10/gcc/bin/../lib/gcc/arm-none-eabi/10.3.1/../../../../arm-none-eabi/lib/thumb/v7e-m+fp/hard/libc_nano.a(lib_a-exit.o)
                              /opt/homebrew/Cellar/arm-none-eabi-gcc/10.3-2021.10/gcc/bin/../lib/gcc/arm-none-eabi/10.3.1/../../../../arm-none-eabi/lib/thumb/v7e-m+fp/hard/crt0.o (exit)
/opt/homebrew/Cellar/arm-none-eabi-gcc/10.3-2021.10/gcc/bin/../lib/gcc/arm-none-eabi/10.3.1/../../../../arm-none-eabi/lib/thumb/v7e-m+fp/hard/libc_nano.a(lib_a-impure.o)
                              /opt/homebrew/Cellar/arm-none-eabi-gcc/10.3-2021.10/gcc/bin/../lib/gcc/arm-none-eabi/10.3.1/../../../../arm-none-eabi/lib/thumb/v7e-m+fp/hard/libc_nano.a(lib_a-exit.o) (_global_impure_ptr)
/opt/homebrew/Cellar/arm-none-eabi-gcc/10.3-2021.10/gcc/bin/../lib/gcc/arm-none-eabi/10.3.1/../../../../arm-none-eabi/lib/thumb/v7e-m+fp/hard/libc_nano.a(lib_a-init.o)
                              /opt/homebrew/Cellar/arm-none-eabi-gcc/10.3-2021.10/gcc/bin/../lib/gcc/arm-none-eabi/10.3.1/../../../../arm-none-eabi/lib/thumb/v7e-m+fp/hard/crt0.o (__libc_init_array)
/opt/homebrew/Cellar/arm-none-eabi-gcc/10.3-2021.10/gcc/bin/../lib/gcc/arm-none-eabi/10.3.1/../../../../arm-none-eabi/lib/thumb/v7e-m+fp/hard/libc_nano.a(lib_a-memset.o)
                              /opt/homebrew/Cellar/arm-none-eabi-gcc/10.3-2021.10/gcc/bin/../lib/gcc/arm-none-eabi/10.3.1/../../../../arm-none-eabi/lib/thumb/v7e-m+fp/hard/crt0.o (memset)
/opt/homebrew/Cellar/arm-none-eabi-gcc/10.3-2021.10/gcc/bin/../lib/gcc/arm-none-eabi/10.3.1/../../../../arm-none-eabi/lib/thumb/v7e-m+fp/hard/libnosys.a(_exit.o)
                              /opt/homebrew/Cellar/arm-none-eabi-gcc/10.3-2021.10/gcc/bin/../lib/gcc/arm-none-eabi/10.3.1/../../../../arm-none-eabi/lib/thumb/v7e-m+fp/hard/libc_nano.a(lib_a-exit.o) (_exit)
Middlewares/ST/STM32_USBPD_Library/Core/lib/USBPDCORE_PD3_FULL_CM4_wc32.a(usbpd_cad.o)
                              build/usbpd_dpm_user.o (USBPD_CAD_EnterErrorRecovery)
Middlewares/ST/STM32_USBPD_Library/Core/lib/USBPDCORE_PD3_FULL_CM4_wc32.a(usbpd_pe.o)
                              build/usbpd_dpm_core.o (USBPD_PE_Init)
Middlewares/ST/STM32_USBPD_Library/Core/lib/USBPDCORE_PD3_FULL_CM4_wc32.a(usbpd_pe_lib.o)
                              build/usbpd_dpm_core.o (USBPD_PE_CheckLIB)
Middlewares/ST/STM32_USBPD_Library/Core/lib/USBPDCORE_PD3_FULL_CM4_wc32.a(usbpd_pe_msg.o)
                              Middlewares/ST/STM32_USBPD_Library/Core/lib/USBPDCORE_PD3_FULL_CM4_wc32.a(usbpd_pe.o) (PE_Send_CtrlMessage)
Middlewares/ST/STM32_USBPD_Library/Core/lib/USBPDCORE_PD3_FULL_CM4_wc32.a(usbpd_pe_snk.o)
                              Middlewares/ST/STM32_USBPD_Library/Core/lib/USBPDCORE_PD3_FULL_CM4_wc32.a(usbpd_pe.o) (USBPD_PE_StateMachine_SNK)
Middlewares/ST/STM32_USBPD_Library/Core/lib/USBPDCORE_PD3_FULL_CM4_wc32.a(usbpd_pe_src.o)
                              build/usbpd_dpm_core.o (USBPD_PE_StateMachine_SRC)
Middlewares/ST/STM32_USBPD_Library/Core/lib/USBPDCORE_PD3_FULL_CM4_wc32.a(usbpd_pe_vconn.o)
                              Middlewares/ST/STM32_USBPD_Library/Core/lib/USBPDCORE_PD3_FULL_CM4_wc32.a(usbpd_pe_snk.o) (PE_StateMachine_VDMCable)
Middlewares/ST/STM32_USBPD_Library/Core/lib/USBPDCORE_PD3_FULL_CM4_wc32.a(usbpd_pe_vdm.o)
                              Middlewares/ST/STM32_USBPD_Library/Core/lib/USBPDCORE_PD3_FULL_CM4_wc32.a(usbpd_pe_msg.o) (PE_Check_DataMessageVDM)
Middlewares/ST/STM32_USBPD_Library/Core/lib/USBPDCORE_PD3_FULL_CM4_wc32.a(usbpd_prl.o)
                              Middlewares/ST/STM32_USBPD_Library/Core/lib/USBPDCORE_PD3_FULL_CM4_wc32.a(usbpd_pe.o) (USBDPD_PRL_BistCarrierEyeMode)
/opt/homebrew/Cellar/arm-none-eabi-gcc/10.3-2021.10/gcc/bin/../lib/gcc/arm-none-eabi/10.3.1/../../../../arm-none-eabi/lib/thumb/v7e-m+fp/hard/libc_nano.a(lib_a-aeabi_memclr.o)
                              Middlewares/ST/STM32_USBPD_Library/Core/lib/USBPDCORE_PD3_FULL_CM4_wc32.a(usbpd_cad.o) (__aeabi_memclr)
/opt/homebrew/Cellar/arm-none-eabi-gcc/10.3-2021.10/gcc/bin/../lib/gcc/arm-none-eabi/10.3.1/../../../../arm-none-eabi/lib/thumb/v7e-m+fp/hard/libc_nano.a(lib_a-aeabi_memcpy.o)
                              Middlewares/ST/STM32_USBPD_Library/Core/lib/USBPDCORE_PD3_FULL_CM4_wc32.a(usbpd_pe.o) (__aeabi_memcpy)
/opt/homebrew/Cellar/arm-none-eabi-gcc/10.3-2021.10/gcc/bin/../lib/gcc/arm-none-eabi/10.3.1/../../../../arm-none-eabi/lib/thumb/v7e-m+fp/hard/libc_nano.a(lib_a-aeabi_memset-soft.o)
                              Middlewares/ST/STM32_USBPD_Library/Core/lib/USBPDCORE_PD3_FULL_CM4_wc32.a(usbpd_prl.o) (__aeabi_memset)
/opt/homebrew/Cellar/arm-none-eabi-gcc/10.3-2021.10/gcc/bin/../lib/gcc/arm-none-eabi/10.3.1/../../../../arm-none-eabi/lib/thumb/v7e-m+fp/hard/libc_nano.a(lib_a-malloc.o)
                              Middlewares/ST/STM32_USBPD_Library/Core/lib/USBPDCORE_PD3_FULL_CM4_wc32.a(usbpd_cad.o) (malloc)
[...]
Memory Configuration

Name             Origin             Length             Attributes
RAM              0x0000000020000000 0x0000000000008000 xrw
FLASH            0x0000000008000000 0x0000000000020000 xr
*default*        0x0000000000000000 0xffffffffffffffff

Linker script and memory map

LOAD /opt/homebrew/Cellar/arm-none-eabi-gcc/10.3-2021.10/gcc/bin/../lib/gcc/arm-none-eabi/10.3.1/thumb/v7e-m+fp/hard/crti.o
LOAD /opt/homebrew/Cellar/arm-none-eabi-gcc/10.3-2021.10/gcc/bin/../lib/gcc/arm-none-eabi/10.3.1/thumb/v7e-m+fp/hard/crtbegin.o
LOAD /opt/homebrew/Cellar/arm-none-eabi-gcc/10.3-2021.10/gcc/bin/../lib/gcc/arm-none-eabi/10.3.1/../../../../arm-none-eabi/lib/thumb/v7e-m+fp/hard/crt0.o
LOAD build/main.o
LOAD build/gpio.o
LOAD build/ucpd.o
LOAD build/stm32g4xx_it.o
LOAD build/stm32g4xx_hal_msp.o
LOAD build/stm32g4xx_ll_utils.o
LOAD build/stm32g4xx_ll_exti.o
LOAD build/stm32g4xx_hal_tim.o
LOAD build/stm32g4xx_hal_tim_ex.o
LOAD build/stm32g4xx_hal_pwr_ex.o
LOAD build/stm32g4xx_ll_ucpd.o
LOAD build/stm32g4xx_ll_gpio.o
LOAD build/stm32g4xx_ll_dma.o
LOAD build/stm32g4xx_hal.o
LOAD build/stm32g4xx_hal_rcc.o
LOAD build/stm32g4xx_hal_rcc_ex.o
LOAD build/stm32g4xx_hal_flash.o
LOAD build/stm32g4xx_hal_flash_ex.o
LOAD build/stm32g4xx_hal_flash_ramfunc.o
LOAD build/stm32g4xx_hal_gpio.o
LOAD build/stm32g4xx_hal_exti.o
LOAD build/stm32g4xx_hal_dma.o
LOAD build/stm32g4xx_hal_dma_ex.o
LOAD build/stm32g4xx_hal_pwr.o
LOAD build/stm32g4xx_hal_cortex.o
LOAD build/system_stm32g4xx.o
LOAD build/dma.o
LOAD build/usbpd_dpm_core.o
LOAD build/usbpd_dpm_user.o
LOAD build/usbpd_pwr_if.o
LOAD build/usbpd_pwr_user.o
LOAD build/usbpd_vdm_user.o
LOAD build/usbpd.o
LOAD build/stm32g4xx_ll_tim.o
LOAD build/usbpd_trace.o
LOAD build/usbpd_cad_hw_if.o
LOAD build/usbpd_hw.o
LOAD build/usbpd_hw_if_it.o
LOAD build/usbpd_phy.o
LOAD build/usbpd_phy_hw_if.o
LOAD build/usbpd_pwr_hw_if.o
LOAD build/usbpd_timersserver.o
LOAD build/startup_stm32g431xx.o
LOAD /opt/homebrew/Cellar/arm-none-eabi-gcc/10.3-2021.10/gcc/bin/../lib/gcc/arm-none-eabi/10.3.1/../../../../arm-none-eabi/lib/thumb/v7e-m+fp/hard/libc_nano.a
LOAD /opt/homebrew/Cellar/arm-none-eabi-gcc/10.3-2021.10/gcc/bin/../lib/gcc/arm-none-eabi/10.3.1/../../../../arm-none-eabi/lib/thumb/v7e-m+fp/hard/libm.a
LOAD /opt/homebrew/Cellar/arm-none-eabi-gcc/10.3-2021.10/gcc/bin/../lib/gcc/arm-none-eabi/10.3.1/../../../../arm-none-eabi/lib/thumb/v7e-m+fp/hard/libnosys.a
LOAD Middlewares/ST/STM32_USBPD_Library/Core/lib/USBPDCORE_PD3_FULL_CM4_wc32.a
START GROUP
LOAD /opt/homebrew/Cellar/arm-none-eabi-gcc/10.3-2021.10/gcc/bin/../lib/gcc/arm-none-eabi/10.3.1/thumb/v7e-m+fp/hard/libgcc.a
LOAD /opt/homebrew/Cellar/arm-none-eabi-gcc/10.3-2021.10/gcc/bin/../lib/gcc/arm-none-eabi/10.3.1/../../../../arm-none-eabi/lib/thumb/v7e-m+fp/hard/libc_nano.a
END GROUP
START GROUP
LOAD /opt/homebrew/Cellar/arm-none-eabi-gcc/10.3-2021.10/gcc/bin/../lib/gcc/arm-none-eabi/10.3.1/thumb/v7e-m+fp/hard/libgcc.a
LOAD /opt/homebrew/Cellar/arm-none-eabi-gcc/10.3-2021.10/gcc/bin/../lib/gcc/arm-none-eabi/10.3.1/../../../../arm-none-eabi/lib/thumb/v7e-m+fp/hard/libc_nano.a
LOAD /opt/homebrew/Cellar/arm-none-eabi-gcc/10.3-2021.10/gcc/bin/../lib/gcc/arm-none-eabi/10.3.1/../../../../arm-none-eabi/lib/thumb/v7e-m+fp/hard/libnosys.a
END GROUP
START GROUP
LOAD /opt/homebrew/Cellar/arm-none-eabi-gcc/10.3-2021.10/gcc/bin/../lib/gcc/arm-none-eabi/10.3.1/thumb/v7e-m+fp/hard/libgcc.a
LOAD /opt/homebrew/Cellar/arm-none-eabi-gcc/10.3-2021.10/gcc/bin/../lib/gcc/arm-none-eabi/10.3.1/../../../../arm-none-eabi/lib/thumb/v7e-m+fp/hard/libc_nano.a
LOAD /opt/homebrew/Cellar/arm-none-eabi-gcc/10.3-2021.10/gcc/bin/../lib/gcc/arm-none-eabi/10.3.1/../../../../arm-none-eabi/lib/thumb/v7e-m+fp/hard/libnosys.a
END GROUP
LOAD /opt/homebrew/Cellar/arm-none-eabi-gcc/10.3-2021.10/gcc/bin/../lib/gcc/arm-none-eabi/10.3.1/thumb/v7e-m+fp/hard/crtend.o
LOAD /opt/homebrew/Cellar/arm-none-eabi-gcc/10.3-2021.10/gcc/bin/../lib/gcc/arm-none-eabi/10.3.1/thumb/v7e-m+fp/hard/crtn.o
                0x0000000020008000                _estack = (ORIGIN (RAM) + LENGTH (RAM))
                0x0000000000000200                _Min_Heap_Size = 0x200
                0x0000000000000400                _Min_Stack_Size = 0x400

.isr_vector     0x0000000008000000      0x1d8
                0x0000000008000000                . = ALIGN (0x4)
 *(.isr_vector)
 .isr_vector    0x0000000008000000      0x1d8 build/startup_stm32g431xx.o
                0x0000000008000000                g_pfnVectors
                0x00000000080001d8                . = ALIGN (0x4)

.text           0x00000000080001d8     0x8420
                0x00000000080001d8                . = ALIGN (0x4)
 *(.text)
 .text          0x00000000080001d8       0x40 /opt/homebrew/Cellar/arm-none-eabi-gcc/10.3-2021.10/gcc/bin/../lib/gcc/arm-none-eabi/10.3.1/thumb/v7e-m+fp/hard/crtbegin.o
 .text          0x0000000008000218      0x19a Middlewares/ST/STM32_USBPD_Library/Core/lib/USBPDCORE_PD3_FULL_CM4_wc32.a(usbpd_cad.o)
                0x0000000008000218                USBPD_CAD_Init
                0x0000000008000268                USBPD_CAD_PortEnable
                0x0000000008000276                USBPD_CAD_Process
                0x0000000008000374                USBPD_CAD_AssertRd
                0x0000000008000386                USBPD_CAD_AssertRp
                0x0000000008000398                USBPD_CAD_EnterErrorRecovery
                0x000000000800039c                USBPD_CAD_SRC_SetRpResistor
                0x00000000080003ac                USBPD_CAD_SetRpResistor
                0x00000000080003ae                USBPD_CAD_GetMemoryConsumption
 *fill*         0x00000000080003b2        0x2 
 .text          0x00000000080003b4     0x1070 Middlewares/ST/STM32_USBPD_Library/Core/lib/USBPDCORE_PD3_FULL_CM4_wc32.a(usbpd_pe.o)
                0x00000000080003b4                USBPD_PE_Init
                0x0000000008000460                USBPD_PE_TimerCounter
                0x00000000080004a6                USBPD_PE_TimerCounteUpdate
                0x0000000008000506                USBPD_PE_IsCableConnected
                0x000000000800051e                USBPD_PE_StateMachine_Reset
                0x000000000800052c                USBPD_PE_StateMachine_Stop
                0x0000000008000530                USBPD_PE_StateMachine_DRP
                0x000000000800054e                USBPD_PE_Notification
                0x0000000008000584                USBPD_PE_InitVDM_Callback
                0x0000000008000590                USBPD_PE_Request_HardReset
                0x00000000080005ac                USBPD_PE_Request_CableReset
                0x00000000080005d4                USBPD_PE_Request_CtrlMessage
                0x0000000008000716                USBPD_PE_Request_DataMessage
                0x0000000008000796                USBPD_PE_Send_Request
                0x00000000080007ee                USBPD_PE_SendExtendedMessage
                0x00000000080008ec                PE_Send_RESET
                0x000000000800091a                PE_Get_SpecRevision
                0x000000000800092c                PE_ChangePowerRole
                0x000000000800093c                PE_Get_RxEvent
                0x00000000080009a4                PE_Clear_RxEvent
                0x00000000080009ee                PE_PRL_Control_RxEvent
                0x0000000008000a0c                PE_Convert_SOPRxEvent
                0x0000000008000a26                PE_Check_AMSConflict
                0x0000000008000a9e                PE_PRL_ResetReceived
                0x0000000008000ae8                PE_PRL_BistCompleted
                0x0000000008000aea                PE_Reset_HardReset
                0x0000000008000b56                PE_Reset_ZI
                0x0000000008000bca                PE_Reset_Counter
                0x0000000008000bd4                PE_Reset_StateMachine
                0x0000000008000c2e                PE_ExtRevisionInteroperability
                0x0000000008000c7c                PE_PRL_FastRoleSwapReception
                0x0000000008000c9a                PE_PRL_PostReceiveEvent
                0x0000000008000cda                PE_PRL_PostReceiveEventError
                0x0000000008000d06                PE_PRL_PostReceiveEventCopy
                0x0000000008000d40                PE_PRL_PostReceiveEventComplete
                0x0000000008000d8e                PE_Get_UnchunkedSupport
                0x0000000008000db0                PE_SubStateMachine_Generic
                0x00000000080012a8                PE_SubStateMachine_ReceiveDRS
                0x00000000080012f8                PE_UpdateTimer
                0x000000000800130e                PE_CallHardResetCallback
                0x000000000800131c                PE_SetPowerNegotiation
                0x000000000800133a                USBPD_PE_ExecFastRoleSwapSignalling
                0x0000000008001350                PE_CalculateMinTiming
                0x000000000800137a                PE_SetPowerNegociation
                0x00000000080013a0                PE_CheckDataSizeFromGetDataInfo
                0x00000000080013c8                PE_SwitchDataRole
 .text          0x0000000008001424       0x3a Middlewares/ST/STM32_USBPD_Library/Core/lib/USBPDCORE_PD3_FULL_CM4_wc32.a(usbpd_pe_lib.o)
                0x0000000008001424                USBPD_PE_SetTrace
                0x0000000008001432                USBPD_PE_CheckLIB
                0x0000000008001448                USBPD_PE_GetMemoryConsumption
                0x000000000800145c                PE_Trace_Empty
 *fill*         0x000000000800145e        0x2 
 .text          0x0000000008001460      0x888 Middlewares/ST/STM32_USBPD_Library/Core/lib/USBPDCORE_PD3_FULL_CM4_wc32.a(usbpd_pe_msg.o)
                0x0000000008001460                PE_Send_CtrlMessage
                0x00000000080014ba                PE_Send_DataMessage
                0x0000000008001534                PE_Check_ExtendedMessage
                0x00000000080016f8                PE_Send_ExtendedMessage
                0x0000000008001746                PE_SubStateMachine_ExtendedMessages
                0x000000000800193c                PE_ManageRXEvent
                0x000000000800195c                PE_Check_ControlMessage
                0x0000000008001b24                PE_Check_DataMessage
                0x0000000008001c7c                PE_CheckSendMessageStatus
 .text          0x0000000008001ce8      0xc3c Middlewares/ST/STM32_USBPD_Library/Core/lib/USBPDCORE_PD3_FULL_CM4_wc32.a(usbpd_pe_snk.o)
                0x0000000008001ce8                USBPD_PE_StateMachine_SNK
                0x0000000008002800                PE_StateMachine_SNK_ReadyWait
 .text          0x0000000008002924      0xe74 Middlewares/ST/STM32_USBPD_Library/Core/lib/USBPDCORE_PD3_FULL_CM4_wc32.a(usbpd_pe_src.o)
                0x0000000008002924                USBPD_PE_StateMachine_SRC
                0x0000000008003742                PE_Send_SRCCapabilities
 .text          0x0000000008003798      0x4ba Middlewares/ST/STM32_USBPD_Library/Core/lib/USBPDCORE_PD3_FULL_CM4_wc32.a(usbpd_pe_vconn.o)
                0x0000000008003798                PE_StateMachine_VDMCable
                0x00000000080039da                PE_SubStateMachine_VconnSwap
 *fill*         0x0000000008003c52        0x2 
 .text          0x0000000008003c54     0x12cc Middlewares/ST/STM32_USBPD_Library/Core/lib/USBPDCORE_PD3_FULL_CM4_wc32.a(usbpd_pe_vdm.o)
                0x0000000008003c54                USBPD_PE_SVDM_RequestIdentity
                0x0000000008003ccc                USBPD_PE_SVDM_RequestSVID
                0x0000000008003d20                USBPD_PE_SVDM_RequestMode
                0x0000000008003d76                USBPD_PE_SVDM_RequestModeEnter
                0x0000000008003dbe                USBPD_PE_SVDM_RequestModeExit
                0x0000000008003e32                USBPD_PE_SVDM_RequestSpecific
                0x0000000008003e7e                USBPD_PE_SVDM_RequestAttention
                0x0000000008003ed6                USBPD_PE_UVDM_RequestMessage
                0x0000000008003f2c                PE_Receive_SVDM
                0x000000000800402c                PE_StateMachine_VDM
                0x0000000008004bc2                PE_StateMachine_UVDM
                0x0000000008004c5e                PE_Check_DataMessageVDM
                0x0000000008004d24                PE_SVDM_CheckIdentity
                0x0000000008004e60                PE_SVDM_CheckSVIDs
                0x0000000008004ec8                PE_SVDM_CheckModes
 .text          0x0000000008004f20      0xb1e Middlewares/ST/STM32_USBPD_Library/Core/lib/USBPDCORE_PD3_FULL_CM4_wc32.a(usbpd_prl.o)
                0x0000000008004f20                USBPD_PRL_TimerCounter
                0x0000000008004f3e                USBPD_PRL_Init
                0x0000000008004f94                USBPD_PRL_GetMemoryConsumption
                0x0000000008004f9a                USBPD_PRL_SetHeader
                0x0000000008004fc6                USBPD_PRL_SetHeaderPowerRole
                0x0000000008004fd4                USBPD_PRL_SetHeaderDataRole
                0x0000000008004fee                USBPD_PRL_SetHeaderSpecification
                0x0000000008004ffc                USBPD_PRL_CBL_SetHeaderSpecification
                0x0000000008005022                USBPD_PRL_SRCSetSinkNG
                0x0000000008005026                USBPD_PRL_SRCReleaseSinkNG
                0x000000000800503c                USBPD_PRL_IsResistor_SinkTxOK
                0x0000000008005040                USBPD_PRL_FastRoleSwapSignalling
                0x0000000008005048                USBPD_PRL_SOPCapability
                0x000000000800504c                USBPD_PRL_SendMessage
                0x00000000080054ba                USBPD_PRL_ResetRequestProcess
                0x0000000008005518                USBDPD_PRL_BistCarrierEyeMode
                0x0000000008005524                USBDPD_PRL_BistCarrierEyeModeExit
                0x0000000008005532                USBPD_PRL_Reset
                0x000000000800556e                USBPD_PRL_Stop
                0x0000000008005572                USBPD_PRL_DeInit
                0x0000000008005966                USBPD_PRL_PrepareExtendedTxChunkSending
                0x00000000080059b8                USBPD_PRL_PrepareChunkRequest
 .text          0x0000000008005a3e       0x9a /opt/homebrew/Cellar/arm-none-eabi-gcc/10.3-2021.10/gcc/bin/../lib/gcc/arm-none-eabi/10.3.1/../../../../arm-none-eabi/lib/thumb/v7e-m+fp/hard/libc_nano.a(lib_a-aeabi_memset-soft.o)
                0x0000000008005a3e                __aeabi_memset
                0x0000000008005a3e                __aeabi_memset8
                0x0000000008005a3e                __aeabi_memset4
 *(.text*)
 .text.Error_Handler
                0x0000000008005ad8        0x4 build/main.o
                0x0000000008005ad8                Error_Handler
 .text.SystemClock_Config
                0x0000000008005adc       0x5e build/main.o
                0x0000000008005adc                SystemClock_Config
 .text.main     0x0000000008005b3a       0x20 build/main.o
                0x0000000008005b3a                main
 *fill*         0x0000000008005b5a        0x2 
 .text.MX_GPIO_Init
                0x0000000008005b5c       0x20 build/gpio.o
                0x0000000008005b5c                MX_GPIO_Init
 .text.MX_UCPD1_Init
                0x0000000008005b7c      0x120 build/ucpd.o
                0x0000000008005b7c                MX_UCPD1_Init
 .text.NMI_Handler
                0x0000000008005c9c        0x2 build/stm32g4xx_it.o
                0x0000000008005c9c                NMI_Handler
 .text.HardFault_Handler
                0x0000000008005c9e        0x2 build/stm32g4xx_it.o
                0x0000000008005c9e                HardFault_Handler
 .text.MemManage_Handler
                0x0000000008005ca0        0x2 build/stm32g4xx_it.o
                0x0000000008005ca0                MemManage_Handler
 .text.BusFault_Handler
                0x0000000008005ca2        0x2 build/stm32g4xx_it.o
                0x0000000008005ca2                BusFault_Handler
 .text.UsageFault_Handler
                0x0000000008005ca4        0x2 build/stm32g4xx_it.o
                0x0000000008005ca4                UsageFault_Handler
 .text.SVC_Handler
                0x0000000008005ca6        0x2 build/stm32g4xx_it.o
                0x0000000008005ca6                SVC_Handler
 .text.DebugMon_Handler
                0x0000000008005ca8        0x2 build/stm32g4xx_it.o
                0x0000000008005ca8                DebugMon_Handler
 .text.PendSV_Handler
                0x0000000008005caa        0x2 build/stm32g4xx_it.o
                0x0000000008005caa                PendSV_Handler
 .text.SysTick_Handler
                0x0000000008005cac        0xc build/stm32g4xx_it.o
                0x0000000008005cac                SysTick_Handler
 .text.DMA1_Channel1_IRQHandler
                0x0000000008005cb8        0x2 build/stm32g4xx_it.o
                0x0000000008005cb8                DMA1_Channel1_IRQHandler
 .text.DMA1_Channel2_IRQHandler
                0x0000000008005cba        0x2 build/stm32g4xx_it.o
                0x0000000008005cba                DMA1_Channel2_IRQHandler
 .text.UCPD1_IRQHandler
                0x0000000008005cbc        0x8 build/stm32g4xx_it.o
                0x0000000008005cbc                UCPD1_IRQHandler
 .text.HAL_MspInit
                0x0000000008005cc4       0x38 build/stm32g4xx_hal_msp.o
                0x0000000008005cc4                HAL_MspInit
 .text.HAL_PWREx_ControlVoltageScaling
                0x0000000008005cfc      0x10c build/stm32g4xx_hal_pwr_ex.o
                0x0000000008005cfc                HAL_PWREx_ControlVoltageScaling
 .text.HAL_PWREx_DisableUCPDDeadBattery
                0x0000000008005e08       0x10 build/stm32g4xx_hal_pwr_ex.o
                0x0000000008005e08                HAL_PWREx_DisableUCPDDeadBattery
 .text.LL_UCPD_Init
                0x0000000008005e18       0x58 build/stm32g4xx_ll_ucpd.o
                0x0000000008005e18                LL_UCPD_Init
 .text.LL_UCPD_StructInit
                0x0000000008005e70       0x14 build/stm32g4xx_ll_ucpd.o
                0x0000000008005e70                LL_UCPD_StructInit
 .text.LL_GPIO_Init
                0x0000000008005e84      0x17e build/stm32g4xx_ll_gpio.o
                0x0000000008005e84                LL_GPIO_Init
 *fill*         0x0000000008006002        0x2 
 .text.LL_DMA_Init
                0x0000000008006004       0x7c build/stm32g4xx_ll_dma.o
                0x0000000008006004                LL_DMA_Init
 .text.LL_DMA_StructInit
                0x0000000008006080       0x1a build/stm32g4xx_ll_dma.o
                0x0000000008006080                LL_DMA_StructInit
 *fill*         0x000000000800609a        0x2 
 .text.HAL_InitTick
                0x000000000800609c       0x50 build/stm32g4xx_hal.o
                0x000000000800609c                HAL_InitTick
 .text.HAL_Init
                0x00000000080060ec       0x1e build/stm32g4xx_hal.o
                0x00000000080060ec                HAL_Init
 *fill*         0x000000000800610a        0x2 
 .text.HAL_IncTick
                0x000000000800610c       0x18 build/stm32g4xx_hal.o
                0x000000000800610c                HAL_IncTick
 .text.HAL_GetTick
                0x0000000008006124        0xc build/stm32g4xx_hal.o
                0x0000000008006124                HAL_GetTick
 .text.HAL_Delay
                0x0000000008006130       0x28 build/stm32g4xx_hal.o
                0x0000000008006130                HAL_Delay
 .text.RCC_GetSysClockFreqFromPLLSource
                0x0000000008006158       0x58 build/stm32g4xx_hal_rcc.o
 .text.HAL_RCC_OscConfig
                0x00000000080061b0      0x4e4 build/stm32g4xx_hal_rcc.o
                0x00000000080061b0                HAL_RCC_OscConfig
 .text.HAL_RCC_GetSysClockFreq
                0x0000000008006694       0x88 build/stm32g4xx_hal_rcc.o
                0x0000000008006694                HAL_RCC_GetSysClockFreq
 .text.HAL_RCC_ClockConfig
                0x000000000800671c      0x1f8 build/stm32g4xx_hal_rcc.o
                0x000000000800671c                HAL_RCC_ClockConfig
 .text.HAL_NVIC_SetPriorityGrouping
                0x0000000008006914       0x24 build/stm32g4xx_hal_cortex.o
                0x0000000008006914                HAL_NVIC_SetPriorityGrouping
 .text.HAL_NVIC_SetPriority
                0x0000000008006938       0x70 build/stm32g4xx_hal_cortex.o
                0x0000000008006938                HAL_NVIC_SetPriority
 .text.HAL_SYSTICK_Config
                0x00000000080069a8       0x28 build/stm32g4xx_hal_cortex.o
                0x00000000080069a8                HAL_SYSTICK_Config
 .text.SystemInit
                0x00000000080069d0       0x14 build/system_stm32g4xx.o
                0x00000000080069d0                SystemInit
 .text.MX_DMA_Init
                0x00000000080069e4       0x58 build/dma.o
                0x00000000080069e4                MX_DMA_Init
 .text.USBPD_PE_TaskWakeUp
                0x0000000008006a3c       0x10 build/usbpd_dpm_core.o
 .text.USBPD_DPM_CADTaskWakeUp
                0x0000000008006a4c        0xc build/usbpd_dpm_core.o
 .text.DPM_ManageAttachedState
                0x0000000008006a58       0x34 build/usbpd_dpm_core.o
 .text.USBPD_DPM_CADCallback
                0x0000000008006a8c       0x6c build/usbpd_dpm_core.o
                0x0000000008006a8c                USBPD_DPM_CADCallback
 .text.USBPD_DPM_InitCore
                0x0000000008006af8       0xcc build/usbpd_dpm_core.o
                0x0000000008006af8                USBPD_DPM_InitCore
 .text.USBPD_DPM_InitOS
                0x0000000008006bc4        0x4 build/usbpd_dpm_core.o
                0x0000000008006bc4                USBPD_DPM_InitOS
 .text.USBPD_DPM_Run
                0x0000000008006bc8       0x6c build/usbpd_dpm_core.o
                0x0000000008006bc8                USBPD_DPM_Run
 .text.USBPD_DPM_TimerCounter
                0x0000000008006c34       0x28 build/usbpd_dpm_core.o
                0x0000000008006c34                USBPD_DPM_TimerCounter
 .text.USBPD_DPM_UserInit
                0x0000000008006c5c        0x4 build/usbpd_dpm_user.o
                0x0000000008006c5c                USBPD_DPM_UserInit
 .text.USBPD_DPM_UserExecute
                0x0000000008006c60        0x2 build/usbpd_dpm_user.o
                0x0000000008006c60                USBPD_DPM_UserExecute
 .text.USBPD_DPM_UserCableDetection
                0x0000000008006c62        0x2 build/usbpd_dpm_user.o
                0x0000000008006c62                USBPD_DPM_UserCableDetection
 .text.USBPD_DPM_UserTimerCounter
                0x0000000008006c64        0x2 build/usbpd_dpm_user.o
                0x0000000008006c64                USBPD_DPM_UserTimerCounter
 .text.USBPD_DPM_Notification
                0x0000000008006c66        0x2 build/usbpd_dpm_user.o
                0x0000000008006c66                USBPD_DPM_Notification
 .text.USBPD_DPM_HardReset
                0x0000000008006c68        0x2 build/usbpd_dpm_user.o
                0x0000000008006c68                USBPD_DPM_HardReset
 .text.USBPD_DPM_SetupNewPower
                0x0000000008006c6a        0x8 build/usbpd_dpm_user.o
                0x0000000008006c6a                USBPD_DPM_SetupNewPower
 .text.USBPD_DPM_GetDataInfo
                0x0000000008006c72        0x2 build/usbpd_dpm_user.o
                0x0000000008006c72                USBPD_DPM_GetDataInfo
 .text.USBPD_DPM_SetDataInfo
                0x0000000008006c74        0x2 build/usbpd_dpm_user.o
                0x0000000008006c74                USBPD_DPM_SetDataInfo
 .text.USBPD_DPM_EvaluateRequest
                0x0000000008006c76        0x8 build/usbpd_dpm_user.o
                0x0000000008006c76                USBPD_DPM_EvaluateRequest
 .text.USBPD_DPM_ExtendedMessageReceived
                0x0000000008006c7e        0x2 build/usbpd_dpm_user.o
                0x0000000008006c7e                USBPD_DPM_ExtendedMessageReceived
 .text.USBPD_DPM_EnterErrorRecovery
                0x0000000008006c80        0x8 build/usbpd_dpm_user.o
                0x0000000008006c80                USBPD_DPM_EnterErrorRecovery
 .text.USBPD_DPM_EvaluateDataRoleSwap
                0x0000000008006c88       0x7c build/usbpd_dpm_user.o
                0x0000000008006c88                USBPD_DPM_EvaluateDataRoleSwap
 .text.USBPD_DPM_IsPowerReady
                0x0000000008006d04        0xe build/usbpd_dpm_user.o
                0x0000000008006d04                USBPD_DPM_IsPowerReady
 .text.USBPD_PWR_IF_SetProfile
                0x0000000008006d12        0x4 build/usbpd_pwr_if.o
                0x0000000008006d12                USBPD_PWR_IF_SetProfile
 .text.USBPD_PWR_IF_SupplyReady
                0x0000000008006d16       0x3a build/usbpd_pwr_if.o
                0x0000000008006d16                USBPD_PWR_IF_SupplyReady
 .text.USBPD_PWR_IF_GetVBUSStatus
                0x0000000008006d50       0x42 build/usbpd_pwr_if.o
                0x0000000008006d50                USBPD_PWR_IF_GetVBUSStatus
 .text.BSP_USBPD_PWR_Init
                0x0000000008006d92        0xa build/usbpd_pwr_user.o
                0x0000000008006d92                BSP_USBPD_PWR_Init
 .text.BSP_USBPD_PWR_VBUSInit
                0x0000000008006d9c        0xa build/usbpd_pwr_user.o
                0x0000000008006d9c                BSP_USBPD_PWR_VBUSInit
 .text.BSP_USBPD_PWR_VBUSDeInit
                0x0000000008006da6        0xe build/usbpd_pwr_user.o
                0x0000000008006da6                BSP_USBPD_PWR_VBUSDeInit
 .text.BSP_USBPD_PWR_VBUSGetVoltage
                0x0000000008006db4       0x1a build/usbpd_pwr_user.o
                0x0000000008006db4                BSP_USBPD_PWR_VBUSGetVoltage
 .text.MX_USBPD_Init
                0x0000000008006dce       0x22 build/usbpd.o
                0x0000000008006dce                MX_USBPD_Init
 .text.CAD_Check_HW_SRC
                0x0000000008006df0       0xa4 build/usbpd_cad_hw_if.o
 .text.ManageStateDetached_SRC
                0x0000000008006e94       0x9c build/usbpd_cad_hw_if.o
 .text.ManageStateEMC
                0x0000000008006f30       0x6c build/usbpd_cad_hw_if.o
 .text.ManageStateAttachedWait_SRC
                0x0000000008006f9c      0x1a8 build/usbpd_cad_hw_if.o
 .text.ManageStateAttached_SRC
                0x0000000008007144       0xe8 build/usbpd_cad_hw_if.o
 .text.CAD_StateMachine_SRC
                0x000000000800722c       0x78 build/usbpd_cad_hw_if.o
 .text.CAD_Init
                0x00000000080072a4      0x1fc build/usbpd_cad_hw_if.o
                0x00000000080072a4                CAD_Init
 .text.CAD_Enter_ErrorRecovery
                0x00000000080074a0       0x34 build/usbpd_cad_hw_if.o
                0x00000000080074a0                CAD_Enter_ErrorRecovery
 .text.CAD_SRC_Set_ResistorRp
                0x00000000080074d4       0x44 build/usbpd_cad_hw_if.o
                0x00000000080074d4                CAD_SRC_Set_ResistorRp
 .text.CAD_Set_ResistorRp
                0x0000000008007518        0x8 build/usbpd_cad_hw_if.o
                0x0000000008007518                CAD_Set_ResistorRp
 .text.CAD_StateMachine
                0x0000000008007520      0x170 build/usbpd_cad_hw_if.o
                0x0000000008007520                CAD_StateMachine
 .text.USBPD_HW_GetUSPDInstance
                0x0000000008007690        0x8 build/usbpd_hw.o
                0x0000000008007690                USBPD_HW_GetUSPDInstance
 .text.USBPD_HW_Init_DMARxInstance
                0x0000000008007698       0x5c build/usbpd_hw.o
                0x0000000008007698                USBPD_HW_Init_DMARxInstance
 .text.USBPD_HW_DeInit_DMARxInstance
                0x00000000080076f4        0x2 build/usbpd_hw.o
                0x00000000080076f4                USBPD_HW_DeInit_DMARxInstance
 *fill*         0x00000000080076f6        0x2 
 .text.USBPD_HW_Init_DMATxInstance
                0x00000000080076f8       0x60 build/usbpd_hw.o
                0x00000000080076f8                USBPD_HW_Init_DMATxInstance
 .text.USBPD_HW_DeInit_DMATxInstance
                0x0000000008007758        0x2 build/usbpd_hw.o
                0x0000000008007758                USBPD_HW_DeInit_DMATxInstance
 .text.USBPD_HW_SetFRSSignalling
                0x000000000800775a        0x2 build/usbpd_hw.o
                0x000000000800775a                USBPD_HW_SetFRSSignalling
 .text.PORTx_IRQHandler
                0x000000000800775c      0x264 build/usbpd_hw_if_it.o
                0x000000000800775c                PORTx_IRQHandler
 .text.USBPD_PORT0_IRQHandler
                0x00000000080079c0        0xa build/usbpd_hw_if_it.o
                0x00000000080079c0                USBPD_PORT0_IRQHandler
 *fill*         0x00000000080079ca        0x2 
 .text.PHY_Rx_Completed
                0x00000000080079cc       0x78 build/usbpd_phy.o
                0x00000000080079cc                PHY_Rx_Completed
 .text.USBPD_PHY_Init
                0x0000000008007a44       0x4c build/usbpd_phy.o
                0x0000000008007a44                USBPD_PHY_Init
 .text.USBPD_PHY_GetRetryTimerValue
                0x0000000008007a90        0x6 build/usbpd_phy.o
                0x0000000008007a90                USBPD_PHY_GetRetryTimerValue
 .text.USBPD_PHY_GetMinGOODCRCTimerValue
                0x0000000008007a96        0x4 build/usbpd_phy.o
                0x0000000008007a96                USBPD_PHY_GetMinGOODCRCTimerValue
 .text.USBPD_PHY_Reset
                0x0000000008007a9a        0x2 build/usbpd_phy.o
                0x0000000008007a9a                USBPD_PHY_Reset
 .text.USBPD_PHY_SendMessage
                0x0000000008007a9c        0x8 build/usbpd_phy.o
                0x0000000008007a9c                USBPD_PHY_SendMessage
 .text.USBPD_PHY_ResetRequest
                0x0000000008007aa4        0xc build/usbpd_phy.o
                0x0000000008007aa4                USBPD_PHY_ResetRequest
 .text.USBPD_PHY_Send_BIST_Pattern
                0x0000000008007ab0        0xa build/usbpd_phy.o
                0x0000000008007ab0                USBPD_PHY_Send_BIST_Pattern
 .text.USBPD_PHY_ExitTransmit
                0x0000000008007aba       0x12 build/usbpd_phy.o
                0x0000000008007aba                USBPD_PHY_ExitTransmit
 .text.USBPD_PHY_SetResistor_SinkTxNG
                0x0000000008007acc        0x8 build/usbpd_phy.o
                0x0000000008007acc                USBPD_PHY_SetResistor_SinkTxNG
 .text.USBPD_PHY_SetResistor_SinkTxOK
                0x0000000008007ad4        0x8 build/usbpd_phy.o
                0x0000000008007ad4                USBPD_PHY_SetResistor_SinkTxOK
 .text.USBPD_PHY_SOPSupported
                0x0000000008007adc       0x10 build/usbpd_phy.o
                0x0000000008007adc                USBPD_PHY_SOPSupported
 .text.USBPD_PHY_IsResistor_SinkTxOk
                0x0000000008007aec        0x8 build/usbpd_phy.o
                0x0000000008007aec                USBPD_PHY_IsResistor_SinkTxOk
 .text.USBPD_PHY_FastRoleSwapSignalling
                0x0000000008007af4        0x8 build/usbpd_phy.o
                0x0000000008007af4                USBPD_PHY_FastRoleSwapSignalling
 .text.USBPD_PHY_EnableRX
                0x0000000008007afc        0x8 build/usbpd_phy.o
                0x0000000008007afc                USBPD_PHY_EnableRX
 .text.USBPD_PHY_DisableRX
                0x0000000008007b04        0x8 build/usbpd_phy.o
                0x0000000008007b04                USBPD_PHY_DisableRX
 .text.USBPD_HW_IF_GlobalHwInit
                0x0000000008007b0c       0x30 build/usbpd_phy_hw_if.o
                0x0000000008007b0c                USBPD_HW_IF_GlobalHwInit
 .text.USBPD_HW_IF_StopBISTMode2
                0x0000000008007b3c       0x38 build/usbpd_phy_hw_if.o
                0x0000000008007b3c                USBPD_HW_IF_StopBISTMode2
 .text.USBPD_HW_IF_SendBuffer
                0x0000000008007b74      0x150 build/usbpd_phy_hw_if.o
                0x0000000008007b74                USBPD_HW_IF_SendBuffer
 .text.USBPD_HW_IF_Send_BIST_Pattern
                0x0000000008007cc4       0x2c build/usbpd_phy_hw_if.o
                0x0000000008007cc4                USBPD_HW_IF_Send_BIST_Pattern
 .text.USBPDM1_AssertRp
                0x0000000008007cf0       0xcc build/usbpd_phy_hw_if.o
                0x0000000008007cf0                USBPDM1_AssertRp
 .text.USBPDM1_DeAssertRp
                0x0000000008007dbc        0x2 build/usbpd_phy_hw_if.o
                0x0000000008007dbc                USBPDM1_DeAssertRp
 *fill*         0x0000000008007dbe        0x2 
 .text.USBPDM1_AssertRd
                0x0000000008007dc0       0xa0 build/usbpd_phy_hw_if.o
                0x0000000008007dc0                USBPDM1_AssertRd
 .text.USBPDM1_DeAssertRd
                0x0000000008007e60        0x2 build/usbpd_phy_hw_if.o
                0x0000000008007e60                USBPDM1_DeAssertRd
 *fill*         0x0000000008007e62        0x2 
 .text.USBPDM1_EnterErrorRecovery
                0x0000000008007e64       0x50 build/usbpd_phy_hw_if.o
                0x0000000008007e64                USBPDM1_EnterErrorRecovery
 .text.USBPD_HW_IF_EnableRX
                0x0000000008007eb4       0x18 build/usbpd_phy_hw_if.o
                0x0000000008007eb4                USBPD_HW_IF_EnableRX
 .text.USBPD_HW_IF_DisableRX
                0x0000000008007ecc       0x18 build/usbpd_phy_hw_if.o
                0x0000000008007ecc                USBPD_HW_IF_DisableRX
 .text.HW_SignalAttachement
                0x0000000008007ee4      0x138 build/usbpd_phy_hw_if.o
                0x0000000008007ee4                HW_SignalAttachement
 .text.HW_SignalDetachment
                0x000000000800801c       0x98 build/usbpd_phy_hw_if.o
                0x000000000800801c                HW_SignalDetachment
 .text.USBPD_HW_IF_SetResistor_SinkTxNG
                0x00000000080080b4       0x1c build/usbpd_phy_hw_if.o
                0x00000000080080b4                USBPD_HW_IF_SetResistor_SinkTxNG
 .text.USBPD_HW_IF_SetResistor_SinkTxOK
                0x00000000080080d0       0x18 build/usbpd_phy_hw_if.o
                0x00000000080080d0                USBPD_HW_IF_SetResistor_SinkTxOK
 .text.USBPD_HW_IF_IsResistor_SinkTxOk
                0x00000000080080e8       0x58 build/usbpd_phy_hw_if.o
                0x00000000080080e8                USBPD_HW_IF_IsResistor_SinkTxOk
 .text.USBPD_HW_IF_FastRoleSwapSignalling
                0x0000000008008140       0x18 build/usbpd_phy_hw_if.o
                0x0000000008008140                USBPD_HW_IF_FastRoleSwapSignalling
 .text.HW_IF_PWR_GetVoltage
                0x0000000008008158       0x14 build/usbpd_pwr_hw_if.o
                0x0000000008008158                HW_IF_PWR_GetVoltage
 .text.USBPD_TIM_Init
                0x000000000800816c      0x110 build/usbpd_timersserver.o
                0x000000000800816c                USBPD_TIM_Init
 .text.USBPD_TIM_DeInit
                0x000000000800827c       0x20 build/usbpd_timersserver.o
                0x000000000800827c                USBPD_TIM_DeInit
 .text.USBPD_TIM_Start
                0x000000000800829c       0x94 build/usbpd_timersserver.o
                0x000000000800829c                USBPD_TIM_Start
 .text.USBPD_TIM_IsExpired
                0x0000000008008330       0x4c build/usbpd_timersserver.o
                0x0000000008008330                USBPD_TIM_IsExpired
 .text.Reset_Handler
                0x000000000800837c       0x50 build/startup_stm32g431xx.o
                0x000000000800837c                Reset_Handler
 .text.Default_Handler
                0x00000000080083cc        0x2 build/startup_stm32g431xx.o
                0x00000000080083cc                TIM1_BRK_TIM15_IRQHandler
                0x00000000080083cc                EXTI2_IRQHandler
                0x00000000080083cc                TIM8_TRG_COM_IRQHandler
                0x00000000080083cc                TIM8_CC_IRQHandler
                0x00000000080083cc                TIM1_CC_IRQHandler
                0x00000000080083cc                USB_HP_IRQHandler
                0x00000000080083cc                CORDIC_IRQHandler
                0x00000000080083cc                EXTI3_IRQHandler
                0x00000000080083cc                I2C3_ER_IRQHandler
                0x00000000080083cc                EXTI0_IRQHandler
                0x00000000080083cc                I2C2_EV_IRQHandler
                0x00000000080083cc                FPU_IRQHandler
                0x00000000080083cc                FDCAN1_IT1_IRQHandler
                0x00000000080083cc                TIM1_UP_TIM16_IRQHandler
                0x00000000080083cc                ADC1_2_IRQHandler
                0x00000000080083cc                SPI1_IRQHandler
                0x00000000080083cc                TIM6_DAC_IRQHandler
                0x00000000080083cc                TIM8_UP_IRQHandler
                0x00000000080083cc                DMA2_Channel2_IRQHandler
                0x00000000080083cc                DMA1_Channel4_IRQHandler
                0x00000000080083cc                USART3_IRQHandler
                0x00000000080083cc                TIM4_IRQHandler
                0x00000000080083cc                DMA2_Channel1_IRQHandler
                0x00000000080083cc                I2C1_EV_IRQHandler
                0x00000000080083cc                DMA1_Channel6_IRQHandler
                0x00000000080083cc                UART4_IRQHandler
                0x00000000080083cc                DMA2_Channel4_IRQHandler
                0x00000000080083cc                TIM3_IRQHandler
                0x00000000080083cc                RCC_IRQHandler
                0x00000000080083cc                Default_Handler
                0x00000000080083cc                RTC_TAMP_LSECSS_IRQHandler
                0x00000000080083cc                FMAC_IRQHandler
                0x00000000080083cc                EXTI15_10_IRQHandler
                0x00000000080083cc                TIM7_IRQHandler
                0x00000000080083cc                I2C3_EV_IRQHandler
                0x00000000080083cc                EXTI9_5_IRQHandler
                0x00000000080083cc                RTC_WKUP_IRQHandler
                0x00000000080083cc                PVD_PVM_IRQHandler
                0x00000000080083cc                SPI2_IRQHandler
                0x00000000080083cc                DMA2_Channel5_IRQHandler
                0x00000000080083cc                CRS_IRQHandler
                0x00000000080083cc                DMA1_Channel5_IRQHandler
                0x00000000080083cc                USB_LP_IRQHandler
                0x00000000080083cc                EXTI4_IRQHandler
                0x00000000080083cc                RNG_IRQHandler
                0x00000000080083cc                TIM1_TRG_COM_TIM17_IRQHandler
                0x00000000080083cc                DMA1_Channel3_IRQHandler
                0x00000000080083cc                WWDG_IRQHandler
                0x00000000080083cc                LPUART1_IRQHandler
                0x00000000080083cc                DMA2_Channel6_IRQHandler
                0x00000000080083cc                FDCAN1_IT0_IRQHandler
                0x00000000080083cc                TIM2_IRQHandler
                0x00000000080083cc                COMP1_2_3_IRQHandler
                0x00000000080083cc                EXTI1_IRQHandler
                0x00000000080083cc                USART2_IRQHandler
                0x00000000080083cc                I2C2_ER_IRQHandler
                0x00000000080083cc                TIM8_BRK_IRQHandler
                0x00000000080083cc                FLASH_IRQHandler
                0x00000000080083cc                USART1_IRQHandler
                0x00000000080083cc                SPI3_IRQHandler
                0x00000000080083cc                I2C1_ER_IRQHandler
                0x00000000080083cc                LPTIM1_IRQHandler
                0x00000000080083cc                DMAMUX_OVR_IRQHandler
                0x00000000080083cc                USBWakeUp_IRQHandler
                0x00000000080083cc                SAI1_IRQHandler
                0x00000000080083cc                DMA2_Channel3_IRQHandler
                0x00000000080083cc                COMP4_IRQHandler
                0x00000000080083cc                RTC_Alarm_IRQHandler
 *fill*         0x00000000080083ce        0x2 
 .text.__libc_init_array
                0x00000000080083d0       0x48 /opt/homebrew/Cellar/arm-none-eabi-gcc/10.3-2021.10/gcc/bin/../lib/gcc/arm-none-eabi/10.3.1/../../../../arm-none-eabi/lib/thumb/v7e-m+fp/hard/libc_nano.a(lib_a-init.o)
                0x00000000080083d0                __libc_init_array
 .text.memset   0x0000000008008418       0x10 /opt/homebrew/Cellar/arm-none-eabi-gcc/10.3-2021.10/gcc/bin/../lib/gcc/arm-none-eabi/10.3.1/../../../../arm-none-eabi/lib/thumb/v7e-m+fp/hard/libc_nano.a(lib_a-memset.o)
                0x0000000008008418                memset
 .text.__aeabi_memclr
                0x0000000008008428        0x6 /opt/homebrew/Cellar/arm-none-eabi-gcc/10.3-2021.10/gcc/bin/../lib/gcc/arm-none-eabi/10.3.1/../../../../arm-none-eabi/lib/thumb/v7e-m+fp/hard/libc_nano.a(lib_a-aeabi_memclr.o)
                0x0000000008008428                __aeabi_memclr8
                0x0000000008008428                __aeabi_memclr
                0x0000000008008428                __aeabi_memclr4
 .text.__aeabi_memcpy
                0x000000000800842e        0x4 /opt/homebrew/Cellar/arm-none-eabi-gcc/10.3-2021.10/gcc/bin/../lib/gcc/arm-none-eabi/10.3.1/../../../../arm-none-eabi/lib/thumb/v7e-m+fp/hard/libc_nano.a(lib_a-aeabi_memcpy.o)
                0x000000000800842e                __aeabi_memcpy
                0x000000000800842e                __aeabi_memcpy4
                0x000000000800842e                __aeabi_memcpy8
 *fill*         0x0000000008008432        0x2 
 .text.malloc   0x0000000008008434       0x10 /opt/homebrew/Cellar/arm-none-eabi-gcc/10.3-2021.10/gcc/bin/../lib/gcc/arm-none-eabi/10.3.1/../../../../arm-none-eabi/lib/thumb/v7e-m+fp/hard/libc_nano.a(lib_a-malloc.o)
                0x0000000008008434                malloc
 .text.memcpy   0x0000000008008444       0x1c /opt/homebrew/Cellar/arm-none-eabi-gcc/10.3-2021.10/gcc/bin/../lib/gcc/arm-none-eabi/10.3.1/../../../../arm-none-eabi/lib/thumb/v7e-m+fp/hard/libc_nano.a(lib_a-memcpy-stub.o)
                0x0000000008008444                memcpy
 .text.sbrk_aligned
                0x0000000008008460       0x40 /opt/homebrew/Cellar/arm-none-eabi-gcc/10.3-2021.10/gcc/bin/../lib/gcc/arm-none-eabi/10.3.1/../../../../arm-none-eabi/lib/thumb/v7e-m+fp/hard/libc_nano.a(lib_a-nano-mallocr.o)
 .text._malloc_r
                0x00000000080084a0       0xe8 /opt/homebrew/Cellar/arm-none-eabi-gcc/10.3-2021.10/gcc/bin/../lib/gcc/arm-none-eabi/10.3.1/../../../../arm-none-eabi/lib/thumb/v7e-m+fp/hard/libc_nano.a(lib_a-nano-mallocr.o)
                0x00000000080084a0                _malloc_r
 .text._sbrk_r  0x0000000008008588       0x20 /opt/homebrew/Cellar/arm-none-eabi-gcc/10.3-2021.10/gcc/bin/../lib/gcc/arm-none-eabi/10.3.1/../../../../arm-none-eabi/lib/thumb/v7e-m+fp/hard/libc_nano.a(lib_a-sbrkr.o)
                0x0000000008008588                _sbrk_r
 .text.__malloc_lock
                0x00000000080085a8        0xc /opt/homebrew/Cellar/arm-none-eabi-gcc/10.3-2021.10/gcc/bin/../lib/gcc/arm-none-eabi/10.3.1/../../../../arm-none-eabi/lib/thumb/v7e-m+fp/hard/libc_nano.a(lib_a-mlock.o)
                0x00000000080085a8                __malloc_lock
 .text.__malloc_unlock
                0x00000000080085b4        0xc /opt/homebrew/Cellar/arm-none-eabi-gcc/10.3-2021.10/gcc/bin/../lib/gcc/arm-none-eabi/10.3.1/../../../../arm-none-eabi/lib/thumb/v7e-m+fp/hard/libc_nano.a(lib_a-mlock.o)
                0x00000000080085b4                __malloc_unlock
 .text.__retarget_lock_acquire_recursive
                0x00000000080085c0        0x2 /opt/homebrew/Cellar/arm-none-eabi-gcc/10.3-2021.10/gcc/bin/../lib/gcc/arm-none-eabi/10.3.1/../../../../arm-none-eabi/lib/thumb/v7e-m+fp/hard/libc_nano.a(lib_a-lock.o)
                0x00000000080085c0                __retarget_lock_acquire_recursive
 .text.__retarget_lock_release_recursive
                0x00000000080085c2        0x2 /opt/homebrew/Cellar/arm-none-eabi-gcc/10.3-2021.10/gcc/bin/../lib/gcc/arm-none-eabi/10.3.1/../../../../arm-none-eabi/lib/thumb/v7e-m+fp/hard/libc_nano.a(lib_a-lock.o)
                0x00000000080085c2                __retarget_lock_release_recursive
 .text._sbrk    0x00000000080085c4       0x1c /opt/homebrew/Cellar/arm-none-eabi-gcc/10.3-2021.10/gcc/bin/../lib/gcc/arm-none-eabi/10.3.1/../../../../arm-none-eabi/lib/thumb/v7e-m+fp/hard/libnosys.a(sbrk.o)
                0x00000000080085c4                _sbrk
 *(.glue_7)
 .glue_7        0x00000000080085e0        0x0 linker stubs
 *(.glue_7t)
 .glue_7t       0x00000000080085e0        0x0 linker stubs
 *(.eh_frame)
 .eh_frame      0x00000000080085e0        0x0 /opt/homebrew/Cellar/arm-none-eabi-gcc/10.3-2021.10/gcc/bin/../lib/gcc/arm-none-eabi/10.3.1/thumb/v7e-m+fp/hard/crtbegin.o
 *(.init)
 .init          0x00000000080085e0        0x4 /opt/homebrew/Cellar/arm-none-eabi-gcc/10.3-2021.10/gcc/bin/../lib/gcc/arm-none-eabi/10.3.1/thumb/v7e-m+fp/hard/crti.o
                0x00000000080085e0                _init
 .init          0x00000000080085e4        0x8 /opt/homebrew/Cellar/arm-none-eabi-gcc/10.3-2021.10/gcc/bin/../lib/gcc/arm-none-eabi/10.3.1/thumb/v7e-m+fp/hard/crtn.o
 *(.fini)
 .fini          0x00000000080085ec        0x4 /opt/homebrew/Cellar/arm-none-eabi-gcc/10.3-2021.10/gcc/bin/../lib/gcc/arm-none-eabi/10.3.1/thumb/v7e-m+fp/hard/crti.o
                0x00000000080085ec                _fini
 .fini          0x00000000080085f0        0x8 /opt/homebrew/Cellar/arm-none-eabi-gcc/10.3-2021.10/gcc/bin/../lib/gcc/arm-none-eabi/10.3.1/thumb/v7e-m+fp/hard/crtn.o
                0x00000000080085f8                . = ALIGN (0x4)
                0x00000000080085f8                _etext = .

.vfp11_veneer   0x00000000080085f8        0x0
 .vfp11_veneer  0x00000000080085f8        0x0 linker stubs

.v4_bx          0x00000000080085f8        0x0
 .v4_bx         0x00000000080085f8        0x0 linker stubs

.iplt           0x00000000080085f8        0x0
 .iplt          0x00000000080085f8        0x0 /opt/homebrew/Cellar/arm-none-eabi-gcc/10.3-2021.10/gcc/bin/../lib/gcc/arm-none-eabi/10.3.1/thumb/v7e-m+fp/hard/crtbegin.o

.rodata         0x00000000080085f8       0xe4
                0x00000000080085f8                . = ALIGN (0x4)
 *(.rodata)
 .rodata        0x00000000080085f8       0x2d build/usbpd_cad_hw_if.o
 *fill*         0x0000000008008625        0x3 
 .rodata        0x0000000008008628        0x6 build/usbpd_phy.o
 *fill*         0x000000000800862e        0x2 
 .rodata        0x0000000008008630       0x4c Middlewares/ST/STM32_USBPD_Library/Core/lib/USBPDCORE_PD3_FULL_CM4_wc32.a(usbpd_pe.o)
 *(.rodata*)
 .rodata.CHANNEL_OFFSET_TAB
                0x000000000800867c        0x6 build/stm32g4xx_ll_dma.o
 *fill*         0x0000000008008682        0x2 
 .rodata.AHBPrescTable
                0x0000000008008684       0x10 build/system_stm32g4xx.o
                0x0000000008008684                AHBPrescTable
 .rodata.CAD_cbs.1
                0x0000000008008694        0x8 build/usbpd_dpm_core.o
 .rodata.dpmCallbacks.0
                0x000000000800869c       0x40 build/usbpd_dpm_core.o
                0x00000000080086dc                . = ALIGN (0x4)

.rel.dyn        0x00000000080086dc        0x0
 .rel.iplt      0x00000000080086dc        0x0 /opt/homebrew/Cellar/arm-none-eabi-gcc/10.3-2021.10/gcc/bin/../lib/gcc/arm-none-eabi/10.3.1/thumb/v7e-m+fp/hard/crtbegin.o

.ARM.extab
 *(.ARM.extab* .gnu.linkonce.armextab.*)

.ARM            0x00000000080086dc        0x0
                0x00000000080086dc                __exidx_start = .
 *(.ARM.exidx*)
                0x00000000080086dc                __exidx_end = .

.preinit_array  0x00000000080086dc        0x0
                0x00000000080086dc                PROVIDE (__preinit_array_start = .)
 *(.preinit_array*)
                0x00000000080086dc                PROVIDE (__preinit_array_end = .)

.init_array     0x00000000080086dc        0x4
                0x00000000080086dc                PROVIDE (__init_array_start = .)
 *(SORT_BY_NAME(.init_array.*))
 *(.init_array*)
 .init_array    0x00000000080086dc        0x4 /opt/homebrew/Cellar/arm-none-eabi-gcc/10.3-2021.10/gcc/bin/../lib/gcc/arm-none-eabi/10.3.1/thumb/v7e-m+fp/hard/crtbegin.o
                0x00000000080086e0                PROVIDE (__init_array_end = .)

.fini_array     0x00000000080086e0        0x4
                [!provide]                        PROVIDE (__fini_array_start = .)
 *(SORT_BY_NAME(.fini_array.*))
 *(.fini_array*)
 .fini_array    0x00000000080086e0        0x4 /opt/homebrew/Cellar/arm-none-eabi-gcc/10.3-2021.10/gcc/bin/../lib/gcc/arm-none-eabi/10.3.1/thumb/v7e-m+fp/hard/crtbegin.o
                [!provide]                        PROVIDE (__fini_array_end = .)
                0x00000000080086e4                _sidata = LOADADDR (.data)

.data           0x0000000020000000       0xb8 load address 0x00000000080086e4
                0x0000000020000000                . = ALIGN (0x4)
                0x0000000020000000                _sdata = .
 *(.data)
 .data          0x0000000020000000        0x4 Middlewares/ST/STM32_USBPD_Library/Core/lib/USBPDCORE_PD3_FULL_CM4_wc32.a(usbpd_pe_lib.o)
                0x0000000020000000                USBPD_Trace
 *(.data*)
 .data.uwTickFreq
                0x0000000020000004        0x4 build/stm32g4xx_hal.o
                0x0000000020000004                uwTickFreq
 .data.uwTickPrio
                0x0000000020000008        0x4 build/stm32g4xx_hal.o
                0x0000000020000008                uwTickPrio
 .data.SystemCoreClock
                0x000000002000000c        0x4 build/system_stm32g4xx.o
                0x000000002000000c                SystemCoreClock
 .data.DPM_Settings
                0x0000000020000010        0xc build/usbpd_dpm_core.o
                0x0000000020000010                DPM_Settings
 .data.DPM_USER_Settings
                0x000000002000001c       0x38 build/usbpd_dpm_core.o
                0x000000002000001c                DPM_USER_Settings
 .data._impure_ptr
                0x0000000020000054        0x4 /opt/homebrew/Cellar/arm-none-eabi-gcc/10.3-2021.10/gcc/bin/../lib/gcc/arm-none-eabi/10.3.1/../../../../arm-none-eabi/lib/thumb/v7e-m+fp/hard/libc_nano.a(lib_a-impure.o)
                0x0000000020000054                _impure_ptr
 .data.impure_data
                0x0000000020000058       0x60 /opt/homebrew/Cellar/arm-none-eabi-gcc/10.3-2021.10/gcc/bin/../lib/gcc/arm-none-eabi/10.3.1/../../../../arm-none-eabi/lib/thumb/v7e-m+fp/hard/libc_nano.a(lib_a-impure.o)
                0x00000000200000b8                . = ALIGN (0x4)
                0x00000000200000b8                _edata = .

.igot.plt       0x00000000200000b8        0x0 load address 0x000000000800879c
 .igot.plt      0x00000000200000b8        0x0 /opt/homebrew/Cellar/arm-none-eabi-gcc/10.3-2021.10/gcc/bin/../lib/gcc/arm-none-eabi/10.3.1/thumb/v7e-m+fp/hard/crtbegin.o
                0x00000000200000b8                . = ALIGN (0x4)

.bss            0x00000000200000b8       0xc4 load address 0x000000000800879c
                0x00000000200000b8                _sbss = .
                0x00000000200000b8                __bss_start__ = _sbss
 *(.bss)
 .bss           0x00000000200000b8       0x1c /opt/homebrew/Cellar/arm-none-eabi-gcc/10.3-2021.10/gcc/bin/../lib/gcc/arm-none-eabi/10.3.1/thumb/v7e-m+fp/hard/crtbegin.o
 .bss           0x00000000200000d4        0xc Middlewares/ST/STM32_USBPD_Library/Core/lib/USBPDCORE_PD3_FULL_CM4_wc32.a(usbpd_cad.o)
 .bss           0x00000000200000e0        0xc Middlewares/ST/STM32_USBPD_Library/Core/lib/USBPDCORE_PD3_FULL_CM4_wc32.a(usbpd_pe.o)
                0x00000000200000e0                PE_Handles
 .bss           0x00000000200000ec        0xc Middlewares/ST/STM32_USBPD_Library/Core/lib/USBPDCORE_PD3_FULL_CM4_wc32.a(usbpd_prl.o)
 *(.bss*)
 .bss.uwTick    0x00000000200000f8        0x4 build/stm32g4xx_hal.o
                0x00000000200000f8                uwTick
 .bss.DPM_Params
                0x00000000200000fc        0x4 build/usbpd_dpm_core.o
                0x00000000200000fc                DPM_Params
 .bss.DPM_Sleep_start
                0x0000000020000100        0x8 build/usbpd_dpm_core.o
 .bss.DPM_Sleep_time
                0x0000000020000108        0x8 build/usbpd_dpm_core.o
 .bss.CAD_HW_Handles
                0x0000000020000110        0xc build/usbpd_cad_hw_if.o
 .bss.ovrflag.0
                0x000000002000011c        0x1 build/usbpd_hw_if_it.o
 *fill*         0x000000002000011d        0x3 
 .bss.PHY_Ports
                0x0000000020000120        0x8 build/usbpd_phy.o
 .bss.Ports     0x0000000020000128       0x3c build/usbpd_phy_hw_if.o
                0x0000000020000128                Ports
 .bss.timer_initcounter
                0x0000000020000164        0x1 build/usbpd_timersserver.o
                0x0000000020000164                timer_initcounter
 *fill*         0x0000000020000165        0x3 
 .bss.__malloc_free_list
                0x0000000020000168        0x4 /opt/homebrew/Cellar/arm-none-eabi-gcc/10.3-2021.10/gcc/bin/../lib/gcc/arm-none-eabi/10.3.1/../../../../arm-none-eabi/lib/thumb/v7e-m+fp/hard/libc_nano.a(lib_a-nano-mallocr.o)
                0x0000000020000168                __malloc_free_list
 .bss.__malloc_sbrk_start
                0x000000002000016c        0x4 /opt/homebrew/Cellar/arm-none-eabi-gcc/10.3-2021.10/gcc/bin/../lib/gcc/arm-none-eabi/10.3.1/../../../../arm-none-eabi/lib/thumb/v7e-m+fp/hard/libc_nano.a(lib_a-nano-mallocr.o)
                0x000000002000016c                __malloc_sbrk_start
 .bss.errno     0x0000000020000170        0x4 /opt/homebrew/Cellar/arm-none-eabi-gcc/10.3-2021.10/gcc/bin/../lib/gcc/arm-none-eabi/10.3.1/../../../../arm-none-eabi/lib/thumb/v7e-m+fp/hard/libc_nano.a(lib_a-reent.o)
                0x0000000020000170                errno
 .bss.__lock___malloc_recursive_mutex
                0x0000000020000174        0x1 /opt/homebrew/Cellar/arm-none-eabi-gcc/10.3-2021.10/gcc/bin/../lib/gcc/arm-none-eabi/10.3.1/../../../../arm-none-eabi/lib/thumb/v7e-m+fp/hard/libc_nano.a(lib_a-lock.o)
                0x0000000020000174                __lock___malloc_recursive_mutex
 *fill*         0x0000000020000175        0x3 
 .bss.heap_end.0
                0x0000000020000178        0x4 /opt/homebrew/Cellar/arm-none-eabi-gcc/10.3-2021.10/gcc/bin/../lib/gcc/arm-none-eabi/10.3.1/../../../../arm-none-eabi/lib/thumb/v7e-m+fp/hard/libnosys.a(sbrk.o)
 *(COMMON)
                0x000000002000017c                . = ALIGN (0x4)
                0x000000002000017c                _ebss = .
                0x000000002000017c                __bss_end__ = _ebss

._user_heap_stack
                0x000000002000017c      0x604 load address 0x000000000800879c
                0x0000000020000180                . = ALIGN (0x8)
 *fill*         0x000000002000017c        0x4 
                0x0000000020000180                PROVIDE (end = .)
                [!provide]                        PROVIDE (_end = .)
                0x0000000020000380                . = (. + _Min_Heap_Size)
 *fill*         0x0000000020000180      0x200 
                0x0000000020000780                . = (. + _Min_Stack_Size)
 *fill*         0x0000000020000380      0x400 
                0x0000000020000780                . = ALIGN (0x8)

/DISCARD/
 libc.a(*)
 libm.a(*)
 libgcc.a(*)

.ARM.attributes
                0x0000000000000000       0x34
 *(.ARM.attributes)
 .ARM.attributes
                0x0000000000000000       0x1e /opt/homebrew/Cellar/arm-none-eabi-gcc/10.3-2021.10/gcc/bin/../lib/gcc/arm-none-eabi/10.3.1/thumb/v7e-m+fp/hard/crti.o
 .ARM.attributes
                0x000000000000001e       0x34 /opt/homebrew/Cellar/arm-none-eabi-gcc/10.3-2021.10/gcc/bin/../lib/gcc/arm-none-eabi/10.3.1/thumb/v7e-m+fp/hard/crtbegin.o
 .ARM.attributes
                0x0000000000000052       0x34 build/main.o
 .ARM.attributes
                0x0000000000000086       0x34 build/gpio.o
 .ARM.attributes
                0x00000000000000ba       0x34 build/ucpd.o
 .ARM.attributes
                0x00000000000000ee       0x34 build/stm32g4xx_it.o
 .ARM.attributes
                0x0000000000000122       0x34 build/stm32g4xx_hal_msp.o
 .ARM.attributes
                0x0000000000000156       0x34 build/stm32g4xx_hal_pwr_ex.o
 .ARM.attributes
                0x000000000000018a       0x34 build/stm32g4xx_ll_ucpd.o
 .ARM.attributes
                0x00000000000001be       0x34 build/stm32g4xx_ll_gpio.o
 .ARM.attributes
                0x00000000000001f2       0x34 build/stm32g4xx_ll_dma.o
 .ARM.attributes
                0x0000000000000226       0x34 build/stm32g4xx_hal.o
 .ARM.attributes
                0x000000000000025a       0x34 build/stm32g4xx_hal_rcc.o
 .ARM.attributes
                0x000000000000028e       0x34 build/stm32g4xx_hal_cortex.o
 .ARM.attributes
                0x00000000000002c2       0x34 build/system_stm32g4xx.o
 .ARM.attributes
                0x00000000000002f6       0x34 build/dma.o
 .ARM.attributes
                0x000000000000032a       0x34 build/usbpd_dpm_core.o
 .ARM.attributes
                0x000000000000035e       0x34 build/usbpd_dpm_user.o
 .ARM.attributes
                0x0000000000000392       0x34 build/usbpd_pwr_if.o
 .ARM.attributes
                0x00000000000003c6       0x34 build/usbpd_pwr_user.o
 .ARM.attributes
                0x00000000000003fa       0x34 build/usbpd.o
 .ARM.attributes
                0x000000000000042e       0x34 build/usbpd_cad_hw_if.o
 .ARM.attributes
                0x0000000000000462       0x34 build/usbpd_hw.o
 .ARM.attributes
                0x0000000000000496       0x34 build/usbpd_hw_if_it.o
 .ARM.attributes
                0x00000000000004ca       0x34 build/usbpd_phy.o
 .ARM.attributes
                0x00000000000004fe       0x34 build/usbpd_phy_hw_if.o
 .ARM.attributes
                0x0000000000000532       0x34 build/usbpd_pwr_hw_if.o
 .ARM.attributes
                0x0000000000000566       0x34 build/usbpd_timersserver.o
 .ARM.attributes
                0x000000000000059a       0x21 build/startup_stm32g431xx.o
 .ARM.attributes
                0x00000000000005bb       0x34 /opt/homebrew/Cellar/arm-none-eabi-gcc/10.3-2021.10/gcc/bin/../lib/gcc/arm-none-eabi/10.3.1/../../../../arm-none-eabi/lib/thumb/v7e-m+fp/hard/libc_nano.a(lib_a-impure.o)
 .ARM.attributes
                0x00000000000005ef       0x34 /opt/homebrew/Cellar/arm-none-eabi-gcc/10.3-2021.10/gcc/bin/../lib/gcc/arm-none-eabi/10.3.1/../../../../arm-none-eabi/lib/thumb/v7e-m+fp/hard/libc_nano.a(lib_a-init.o)
 .ARM.attributes
                0x0000000000000623       0x34 /opt/homebrew/Cellar/arm-none-eabi-gcc/10.3-2021.10/gcc/bin/../lib/gcc/arm-none-eabi/10.3.1/../../../../arm-none-eabi/lib/thumb/v7e-m+fp/hard/libc_nano.a(lib_a-memset.o)
 .ARM.attributes
                0x0000000000000657       0x56 Middlewares/ST/STM32_USBPD_Library/Core/lib/USBPDCORE_PD3_FULL_CM4_wc32.a(usbpd_cad.o)
 .ARM.attributes
                0x00000000000006ad       0x56 Middlewares/ST/STM32_USBPD_Library/Core/lib/USBPDCORE_PD3_FULL_CM4_wc32.a(usbpd_pe.o)
 .ARM.attributes
                0x0000000000000703       0x56 Middlewares/ST/STM32_USBPD_Library/Core/lib/USBPDCORE_PD3_FULL_CM4_wc32.a(usbpd_pe_lib.o)
 .ARM.attributes
                0x0000000000000759       0x58 Middlewares/ST/STM32_USBPD_Library/Core/lib/USBPDCORE_PD3_FULL_CM4_wc32.a(usbpd_pe_msg.o)
 .ARM.attributes
                0x00000000000007b1       0x56 Middlewares/ST/STM32_USBPD_Library/Core/lib/USBPDCORE_PD3_FULL_CM4_wc32.a(usbpd_pe_snk.o)
 .ARM.attributes
                0x0000000000000807       0x56 Middlewares/ST/STM32_USBPD_Library/Core/lib/USBPDCORE_PD3_FULL_CM4_wc32.a(usbpd_pe_src.o)
 .ARM.attributes
                0x000000000000085d       0x58 Middlewares/ST/STM32_USBPD_Library/Core/lib/USBPDCORE_PD3_FULL_CM4_wc32.a(usbpd_pe_vconn.o)
 .ARM.attributes
                0x00000000000008b5       0x56 Middlewares/ST/STM32_USBPD_Library/Core/lib/USBPDCORE_PD3_FULL_CM4_wc32.a(usbpd_pe_vdm.o)
 .ARM.attributes
                0x000000000000090b       0x56 Middlewares/ST/STM32_USBPD_Library/Core/lib/USBPDCORE_PD3_FULL_CM4_wc32.a(usbpd_prl.o)
 .ARM.attributes
                0x0000000000000961       0x34 /opt/homebrew/Cellar/arm-none-eabi-gcc/10.3-2021.10/gcc/bin/../lib/gcc/arm-none-eabi/10.3.1/../../../../arm-none-eabi/lib/thumb/v7e-m+fp/hard/libc_nano.a(lib_a-aeabi_memclr.o)
 .ARM.attributes
                0x0000000000000995       0x34 /opt/homebrew/Cellar/arm-none-eabi-gcc/10.3-2021.10/gcc/bin/../lib/gcc/arm-none-eabi/10.3.1/../../../../arm-none-eabi/lib/thumb/v7e-m+fp/hard/libc_nano.a(lib_a-aeabi_memcpy.o)
 .ARM.attributes
                0x00000000000009c9       0x1c /opt/homebrew/Cellar/arm-none-eabi-gcc/10.3-2021.10/gcc/bin/../lib/gcc/arm-none-eabi/10.3.1/../../../../arm-none-eabi/lib/thumb/v7e-m+fp/hard/libc_nano.a(lib_a-aeabi_memset-soft.o)
 .ARM.attributes
                0x00000000000009e5       0x34 /opt/homebrew/Cellar/arm-none-eabi-gcc/10.3-2021.10/gcc/bin/../lib/gcc/arm-none-eabi/10.3.1/../../../../arm-none-eabi/lib/thumb/v7e-m+fp/hard/libc_nano.a(lib_a-malloc.o)
 .ARM.attributes
                0x0000000000000a19       0x34 /opt/homebrew/Cellar/arm-none-eabi-gcc/10.3-2021.10/gcc/bin/../lib/gcc/arm-none-eabi/10.3.1/../../../../arm-none-eabi/lib/thumb/v7e-m+fp/hard/libc_nano.a(lib_a-memcpy-stub.o)
 .ARM.attributes
                0x0000000000000a4d       0x34 /opt/homebrew/Cellar/arm-none-eabi-gcc/10.3-2021.10/gcc/bin/../lib/gcc/arm-none-eabi/10.3.1/../../../../arm-none-eabi/lib/thumb/v7e-m+fp/hard/libc_nano.a(lib_a-nano-mallocr.o)
 .ARM.attributes
                0x0000000000000a81       0x34 /opt/homebrew/Cellar/arm-none-eabi-gcc/10.3-2021.10/gcc/bin/../lib/gcc/arm-none-eabi/10.3.1/../../../../arm-none-eabi/lib/thumb/v7e-m+fp/hard/libc_nano.a(lib_a-sbrkr.o)
 .ARM.attributes
                0x0000000000000ab5       0x34 /opt/homebrew/Cellar/arm-none-eabi-gcc/10.3-2021.10/gcc/bin/../lib/gcc/arm-none-eabi/10.3.1/../../../../arm-none-eabi/lib/thumb/v7e-m+fp/hard/libc_nano.a(lib_a-mlock.o)
 .ARM.attributes
                0x0000000000000ae9       0x34 /opt/homebrew/Cellar/arm-none-eabi-gcc/10.3-2021.10/gcc/bin/../lib/gcc/arm-none-eabi/10.3.1/../../../../arm-none-eabi/lib/thumb/v7e-m+fp/hard/libc_nano.a(lib_a-reent.o)
 .ARM.attributes
                0x0000000000000b1d       0x34 /opt/homebrew/Cellar/arm-none-eabi-gcc/10.3-2021.10/gcc/bin/../lib/gcc/arm-none-eabi/10.3.1/../../../../arm-none-eabi/lib/thumb/v7e-m+fp/hard/libc_nano.a(lib_a-lock.o)
 .ARM.attributes
                0x0000000000000b51       0x34 /opt/homebrew/Cellar/arm-none-eabi-gcc/10.3-2021.10/gcc/bin/../lib/gcc/arm-none-eabi/10.3.1/../../../../arm-none-eabi/lib/thumb/v7e-m+fp/hard/libnosys.a(sbrk.o)
 .ARM.attributes
                0x0000000000000b85       0x1e /opt/homebrew/Cellar/arm-none-eabi-gcc/10.3-2021.10/gcc/bin/../lib/gcc/arm-none-eabi/10.3.1/thumb/v7e-m+fp/hard/crtn.o
OUTPUT(build/UCPD_test.elf elf32-littlearm)
LOAD linker stubs
LOAD /opt/homebrew/Cellar/arm-none-eabi-gcc/10.3-2021.10/gcc/bin/../lib/gcc/arm-none-eabi/10.3.1/../../../../arm-none-eabi/lib/thumb/v7e-m+fp/hard/libc.a
LOAD /opt/homebrew/Cellar/arm-none-eabi-gcc/10.3-2021.10/gcc/bin/../lib/gcc/arm-none-eabi/10.3.1/../../../../arm-none-eabi/lib/thumb/v7e-m+fp/hard/libm.a
LOAD /opt/homebrew/Cellar/arm-none-eabi-gcc/10.3-2021.10/gcc/bin/../lib/gcc/arm-none-eabi/10.3.1/thumb/v7e-m+fp/hard/libgcc.a

.debug_info     0x0000000000000000    0x15761
 .debug_info    0x0000000000000000      0x4c9 build/main.o
 .debug_info    0x00000000000004c9      0x3a9 build/gpio.o
 .debug_info    0x0000000000000872     0x1440 build/ucpd.o
 .debug_info    0x0000000000001cb2      0x29f build/stm32g4xx_it.o
 .debug_info    0x0000000000001f51      0x3e6 build/stm32g4xx_hal_msp.o
 .debug_info    0x0000000000002337      0xb20 build/stm32g4xx_hal_pwr_ex.o
 .debug_info    0x0000000000002e57      0x6f4 build/stm32g4xx_ll_ucpd.o
 .debug_info    0x000000000000354b      0xe92 build/stm32g4xx_ll_gpio.o
 .debug_info    0x00000000000043dd      0xb86 build/stm32g4xx_ll_dma.o
 .debug_info    0x0000000000004f63      0xce4 build/stm32g4xx_hal.o
 .debug_info    0x0000000000005c47      0xfdb build/stm32g4xx_hal_rcc.o
 .debug_info    0x0000000000006c22     0x111d build/stm32g4xx_hal_cortex.o
 .debug_info    0x0000000000007d3f      0x649 build/system_stm32g4xx.o
 .debug_info    0x0000000000008388      0xb33 build/dma.o
 .debug_info    0x0000000000008ebb     0x1449 build/usbpd_dpm_core.o
 .debug_info    0x000000000000a304     0x1d19 build/usbpd_dpm_user.o
 .debug_info    0x000000000000c01d      0x8a8 build/usbpd_pwr_if.o
 .debug_info    0x000000000000c8c5      0xa47 build/usbpd_pwr_user.o
 .debug_info    0x000000000000d30c      0x293 build/usbpd.o
 .debug_info    0x000000000000d59f     0x2610 build/usbpd_cad_hw_if.o
 .debug_info    0x000000000000fbaf      0x8d8 build/usbpd_hw.o
 .debug_info    0x0000000000010487      0xd84 build/usbpd_hw_if_it.o
 .debug_info    0x000000000001120b      0xfed build/usbpd_phy.o
 .debug_info    0x00000000000121f8     0x2007 build/usbpd_phy_hw_if.o
 .debug_info    0x00000000000141ff      0x4d5 build/usbpd_pwr_hw_if.o
 .debug_info    0x00000000000146d4     0x106b build/usbpd_timersserver.o
 .debug_info    0x000000000001573f       0x22 build/startup_stm32g431xx.o

.debug_abbrev   0x0000000000000000     0x3a64
 .debug_abbrev  0x0000000000000000      0x19e build/main.o
 .debug_abbrev  0x000000000000019e       0xe0 build/gpio.o
 .debug_abbrev  0x000000000000027e      0x23e build/ucpd.o
 .debug_abbrev  0x00000000000004bc       0xce build/stm32g4xx_it.o
 .debug_abbrev  0x000000000000058a      0x103 build/stm32g4xx_hal_msp.o
 .debug_abbrev  0x000000000000068d      0x264 build/stm32g4xx_hal_pwr_ex.o
 .debug_abbrev  0x00000000000008f1      0x1e6 build/stm32g4xx_ll_ucpd.o
 .debug_abbrev  0x0000000000000ad7      0x2b4 build/stm32g4xx_ll_gpio.o
 .debug_abbrev  0x0000000000000d8b      0x285 build/stm32g4xx_ll_dma.o
 .debug_abbrev  0x0000000000001010      0x25d build/stm32g4xx_hal.o
 .debug_abbrev  0x000000000000126d      0x2ac build/stm32g4xx_hal_rcc.o
 .debug_abbrev  0x0000000000001519      0x379 build/stm32g4xx_hal_cortex.o
 .debug_abbrev  0x0000000000001892      0x11b build/system_stm32g4xx.o
 .debug_abbrev  0x00000000000019ad      0x1d8 build/dma.o
 .debug_abbrev  0x0000000000001b85      0x339 build/usbpd_dpm_core.o
 .debug_abbrev  0x0000000000001ebe      0x2e0 build/usbpd_dpm_user.o
 .debug_abbrev  0x000000000000219e      0x289 build/usbpd_pwr_if.o
 .debug_abbrev  0x0000000000002427      0x189 build/usbpd_pwr_user.o
 .debug_abbrev  0x00000000000025b0       0xe3 build/usbpd.o
 .debug_abbrev  0x0000000000002693      0x474 build/usbpd_cad_hw_if.o
 .debug_abbrev  0x0000000000002b07      0x20a build/usbpd_hw.o
 .debug_abbrev  0x0000000000002d11      0x263 build/usbpd_hw_if_it.o
 .debug_abbrev  0x0000000000002f74      0x2eb build/usbpd_phy.o
 .debug_abbrev  0x000000000000325f      0x449 build/usbpd_phy_hw_if.o
 .debug_abbrev  0x00000000000036a8      0x160 build/usbpd_pwr_hw_if.o
 .debug_abbrev  0x0000000000003808      0x24a build/usbpd_timersserver.o
 .debug_abbrev  0x0000000000003a52       0x12 build/startup_stm32g431xx.o

.debug_loc      0x0000000000000000     0x8f0d
 .debug_loc     0x0000000000000000       0x66 build/main.o
 .debug_loc     0x0000000000000066       0x2c build/gpio.o
 .debug_loc     0x0000000000000092      0x638 build/ucpd.o
 .debug_loc     0x00000000000006ca       0x40 build/stm32g4xx_it.o
 .debug_loc     0x000000000000070a       0x38 build/stm32g4xx_hal_msp.o
 .debug_loc     0x0000000000000742      0xa26 build/stm32g4xx_hal_pwr_ex.o
 .debug_loc     0x0000000000001168      0x1a7 build/stm32g4xx_ll_ucpd.o
 .debug_loc     0x000000000000130f      0x863 build/stm32g4xx_ll_gpio.o
 .debug_loc     0x0000000000001b72      0x5b1 build/stm32g4xx_ll_dma.o
 .debug_loc     0x0000000000002123      0x2af build/stm32g4xx_hal.o
 .debug_loc     0x00000000000023d2      0x999 build/stm32g4xx_hal_rcc.o
 .debug_loc     0x0000000000002d6b      0x796 build/stm32g4xx_hal_cortex.o
 .debug_loc     0x0000000000003501       0x9d build/system_stm32g4xx.o
 .debug_loc     0x000000000000359e       0xdc build/dma.o
 .debug_loc     0x000000000000367a      0x275 build/usbpd_dpm_core.o
 .debug_loc     0x00000000000038ef     0x11b1 build/usbpd_dpm_user.o
 .debug_loc     0x0000000000004aa0      0x511 build/usbpd_pwr_if.o
 .debug_loc     0x0000000000004fb1      0x9f3 build/usbpd_pwr_user.o
 .debug_loc     0x00000000000059a4       0x20 build/usbpd.o
 .debug_loc     0x00000000000059c4     0x130b build/usbpd_cad_hw_if.o
 .debug_loc     0x0000000000006ccf      0x130 build/usbpd_hw.o
 .debug_loc     0x0000000000006dff      0x2f5 build/usbpd_hw_if_it.o
 .debug_loc     0x00000000000070f4      0x596 build/usbpd_phy.o
 .debug_loc     0x000000000000768a      0xe36 build/usbpd_phy_hw_if.o
 .debug_loc     0x00000000000084c0      0x2aa build/usbpd_pwr_hw_if.o
 .debug_loc     0x000000000000876a      0x7a3 build/usbpd_timersserver.o

.debug_aranges  0x0000000000000000      0xc08
 .debug_aranges
                0x0000000000000000       0x30 build/main.o
 .debug_aranges
                0x0000000000000030       0x20 build/gpio.o
 .debug_aranges
                0x0000000000000050       0x20 build/ucpd.o
 .debug_aranges
                0x0000000000000070       0x78 build/stm32g4xx_it.o
 .debug_aranges
                0x00000000000000e8       0x20 build/stm32g4xx_hal_msp.o
 .debug_aranges
                0x0000000000000108      0x140 build/stm32g4xx_hal_pwr_ex.o
 .debug_aranges
                0x0000000000000248       0x30 build/stm32g4xx_ll_ucpd.o
 .debug_aranges
                0x0000000000000278       0x30 build/stm32g4xx_ll_gpio.o
 .debug_aranges
                0x00000000000002a8       0x30 build/stm32g4xx_ll_dma.o
 .debug_aranges
                0x00000000000002d8      0x148 build/stm32g4xx_hal.o
 .debug_aranges
                0x0000000000000420       0x98 build/stm32g4xx_hal_rcc.o
 .debug_aranges
                0x00000000000004b8       0xa8 build/stm32g4xx_hal_cortex.o
 .debug_aranges
                0x0000000000000560       0x28 build/system_stm32g4xx.o
 .debug_aranges
                0x0000000000000588       0x20 build/dma.o
 .debug_aranges
                0x00000000000005a8       0x58 build/usbpd_dpm_core.o
 .debug_aranges
                0x0000000000000600      0x1a0 build/usbpd_dpm_user.o
 .debug_aranges
                0x00000000000007a0       0x98 build/usbpd_pwr_if.o
 .debug_aranges
                0x0000000000000838       0xe0 build/usbpd_pwr_user.o
 .debug_aranges
                0x0000000000000918       0x20 build/usbpd.o
 .debug_aranges
                0x0000000000000938       0x70 build/usbpd_cad_hw_if.o
 .debug_aranges
                0x00000000000009a8       0x50 build/usbpd_hw.o
 .debug_aranges
                0x00000000000009f8       0x28 build/usbpd_hw_if_it.o
 .debug_aranges
                0x0000000000000a20       0x98 build/usbpd_phy.o
 .debug_aranges
                0x0000000000000ab8       0xb0 build/usbpd_phy_hw_if.o
 .debug_aranges
                0x0000000000000b68       0x40 build/usbpd_pwr_hw_if.o
 .debug_aranges
                0x0000000000000ba8       0x38 build/usbpd_timersserver.o
 .debug_aranges
                0x0000000000000be0       0x28 build/startup_stm32g431xx.o

.debug_ranges   0x0000000000000000      0xef8
 .debug_ranges  0x0000000000000000       0x20 build/main.o
 .debug_ranges  0x0000000000000020       0x10 build/gpio.o
 .debug_ranges  0x0000000000000030       0x10 build/ucpd.o
 .debug_ranges  0x0000000000000040       0x68 build/stm32g4xx_it.o
 .debug_ranges  0x00000000000000a8       0x10 build/stm32g4xx_hal_msp.o
 .debug_ranges  0x00000000000000b8      0x130 build/stm32g4xx_hal_pwr_ex.o
 .debug_ranges  0x00000000000001e8       0x20 build/stm32g4xx_ll_ucpd.o
 .debug_ranges  0x0000000000000208      0x218 build/stm32g4xx_ll_gpio.o
 .debug_ranges  0x0000000000000420       0xe0 build/stm32g4xx_ll_dma.o
 .debug_ranges  0x0000000000000500      0x138 build/stm32g4xx_hal.o
 .debug_ranges  0x0000000000000638       0xa0 build/stm32g4xx_hal_rcc.o
 .debug_ranges  0x00000000000006d8       0xf8 build/stm32g4xx_hal_cortex.o
 .debug_ranges  0x00000000000007d0       0x18 build/system_stm32g4xx.o
 .debug_ranges  0x00000000000007e8       0x10 build/dma.o
 .debug_ranges  0x00000000000007f8       0x78 build/usbpd_dpm_core.o
 .debug_ranges  0x0000000000000870      0x190 build/usbpd_dpm_user.o
 .debug_ranges  0x0000000000000a00       0x88 build/usbpd_pwr_if.o
 .debug_ranges  0x0000000000000a88       0xd0 build/usbpd_pwr_user.o
 .debug_ranges  0x0000000000000b58       0x10 build/usbpd.o
 .debug_ranges  0x0000000000000b68      0x178 build/usbpd_cad_hw_if.o
 .debug_ranges  0x0000000000000ce0       0x40 build/usbpd_hw.o
 .debug_ranges  0x0000000000000d20       0x18 build/usbpd_hw_if_it.o
 .debug_ranges  0x0000000000000d38       0x88 build/usbpd_phy.o
 .debug_ranges  0x0000000000000dc0       0xc0 build/usbpd_phy_hw_if.o
 .debug_ranges  0x0000000000000e80       0x30 build/usbpd_pwr_hw_if.o
 .debug_ranges  0x0000000000000eb0       0x28 build/usbpd_timersserver.o
 .debug_ranges  0x0000000000000ed8       0x20 build/startup_stm32g431xx.o

.debug_line     0x0000000000000000     0x9279
 .debug_line    0x0000000000000000      0x316 build/main.o
 .debug_line    0x0000000000000316      0x188 build/gpio.o
 .debug_line    0x000000000000049e      0x3ef build/ucpd.o
 .debug_line    0x000000000000088d      0x310 build/stm32g4xx_it.o
 .debug_line    0x0000000000000b9d      0x1b6 build/stm32g4xx_hal_msp.o
 .debug_line    0x0000000000000d53      0xa72 build/stm32g4xx_hal_pwr_ex.o
 .debug_line    0x00000000000017c5      0x2d5 build/stm32g4xx_ll_ucpd.o
 .debug_line    0x0000000000001a9a      0x789 build/stm32g4xx_ll_gpio.o
 .debug_line    0x0000000000002223      0x59b build/stm32g4xx_ll_dma.o
 .debug_line    0x00000000000027be      0x6d3 build/stm32g4xx_hal.o
 .debug_line    0x0000000000002e91      0xdf0 build/stm32g4xx_hal_rcc.o
 .debug_line    0x0000000000003c81      0x768 build/stm32g4xx_hal_cortex.o
 .debug_line    0x00000000000043e9      0x247 build/system_stm32g4xx.o
 .debug_line    0x0000000000004630      0x263 build/dma.o
 .debug_line    0x0000000000004893      0x3fd build/usbpd_dpm_core.o
 .debug_line    0x0000000000004c90      0x919 build/usbpd_dpm_user.o
 .debug_line    0x00000000000055a9      0x45e build/usbpd_pwr_if.o
 .debug_line    0x0000000000005a07      0x561 build/usbpd_pwr_user.o
 .debug_line    0x0000000000005f68      0x2a9 build/usbpd.o
 .debug_line    0x0000000000006211      0xc67 build/usbpd_cad_hw_if.o
 .debug_line    0x0000000000006e78      0x390 build/usbpd_hw.o
 .debug_line    0x0000000000007208      0x580 build/usbpd_hw_if_it.o
 .debug_line    0x0000000000007788      0x4ca build/usbpd_phy.o
 .debug_line    0x0000000000007c52      0xc53 build/usbpd_phy_hw_if.o
 .debug_line    0x00000000000088a5      0x29a build/usbpd_pwr_hw_if.o
 .debug_line    0x0000000000008b3f      0x6c3 build/usbpd_timersserver.o
 .debug_line    0x0000000000009202       0x77 build/startup_stm32g431xx.o

.debug_str      0x0000000000000000     0x6c0b
 .debug_str     0x0000000000000000      0x3c7 build/main.o
                                        0x41d (size before relaxing)
 .debug_str     0x00000000000003c7      0x164 build/gpio.o
                                        0x314 (size before relaxing)
 .debug_str     0x000000000000052b      0x7c6 build/ucpd.o
                                        0xb38 (size before relaxing)
 .debug_str     0x0000000000000cf1      0x125 build/stm32g4xx_it.o
                                        0x2fc (size before relaxing)
 .debug_str     0x0000000000000e16       0x4a build/stm32g4xx_hal_msp.o
                                        0x341 (size before relaxing)
 .debug_str     0x0000000000000e60      0x551 build/stm32g4xx_hal_pwr_ex.o
                                        0x7d0 (size before relaxing)
 .debug_str     0x00000000000013b1      0x184 build/stm32g4xx_ll_ucpd.o
                                        0x484 (size before relaxing)
 .debug_str     0x0000000000001535      0x13b build/stm32g4xx_ll_gpio.o
                                        0x4cf (size before relaxing)
 .debug_str     0x0000000000001670      0x1ce build/stm32g4xx_ll_dma.o
                                        0x614 (size before relaxing)
 .debug_str     0x000000000000183e      0x4a1 build/stm32g4xx_hal.o
                                        0xc50 (size before relaxing)
 .debug_str     0x0000000000001cdf      0x2a5 build/stm32g4xx_hal_rcc.o
                                        0x81d (size before relaxing)
 .debug_str     0x0000000000001f84      0x37c build/stm32g4xx_hal_cortex.o
                                        0xb78 (size before relaxing)
 .debug_str     0x0000000000002300       0x3d build/system_stm32g4xx.o
                                        0x3b5 (size before relaxing)
 .debug_str     0x000000000000233d        0xf build/dma.o
                                        0x8bf (size before relaxing)
 .debug_str     0x000000000000234c     0x2026 build/usbpd_dpm_core.o
                                       0x2212 (size before relaxing)
 .debug_str     0x0000000000004372      0xba1 build/usbpd_dpm_user.o
                                       0x24eb (size before relaxing)
 .debug_str     0x0000000000004f13      0x2fe build/usbpd_pwr_if.o
                                        0xa1e (size before relaxing)
 .debug_str     0x0000000000005211      0x490 build/usbpd_pwr_user.o
                                        0x696 (size before relaxing)
 .debug_str     0x00000000000056a1       0x38 build/usbpd.o
                                        0x418 (size before relaxing)
 .debug_str     0x00000000000056d9      0x770 build/usbpd_cad_hw_if.o
                                       0x1853 (size before relaxing)
 .debug_str     0x0000000000005e49      0x107 build/usbpd_hw.o
                                        0x5f9 (size before relaxing)
 .debug_str     0x0000000000005f50      0x1c2 build/usbpd_hw_if_it.o
                                        0xa8c (size before relaxing)
 .debug_str     0x0000000000006112      0x3d2 build/usbpd_phy.o
                                        0xe88 (size before relaxing)
 .debug_str     0x00000000000064e4      0x31d build/usbpd_phy_hw_if.o
                                       0x11d4 (size before relaxing)
 .debug_str     0x0000000000006801       0x9f build/usbpd_pwr_hw_if.o
                                        0x5cc (size before relaxing)
 .debug_str     0x00000000000068a0      0x347 build/usbpd_timersserver.o
                                        0x701 (size before relaxing)
 .debug_str     0x0000000000006be7       0x24 build/startup_stm32g431xx.o
                                         0x54 (size before relaxing)

.comment        0x0000000000000000     0x3521
 .comment       0x0000000000000000       0x49 build/main.o
                                         0x4a (size before relaxing)
 .comment       0x0000000000000049       0x4a build/gpio.o
 .comment       0x0000000000000049       0x4a build/ucpd.o
 .comment       0x0000000000000049       0x4a build/stm32g4xx_it.o
 .comment       0x0000000000000049       0x4a build/stm32g4xx_hal_msp.o
 .comment       0x0000000000000049       0x4a build/stm32g4xx_hal_pwr_ex.o
 .comment       0x0000000000000049       0x4a build/stm32g4xx_ll_ucpd.o
 .comment       0x0000000000000049       0x4a build/stm32g4xx_ll_gpio.o
 .comment       0x0000000000000049       0x4a build/stm32g4xx_ll_dma.o
 .comment       0x0000000000000049       0x4a build/stm32g4xx_hal.o
 .comment       0x0000000000000049       0x4a build/stm32g4xx_hal_rcc.o
 .comment       0x0000000000000049       0x4a build/stm32g4xx_hal_cortex.o
 .comment       0x0000000000000049       0x4a build/system_stm32g4xx.o
 .comment       0x0000000000000049       0x4a build/dma.o
 .comment       0x0000000000000049       0x4a build/usbpd_dpm_core.o
 .comment       0x0000000000000049       0x4a build/usbpd_dpm_user.o
 .comment       0x0000000000000049       0x4a build/usbpd_pwr_if.o
 .comment       0x0000000000000049       0x4a build/usbpd_pwr_user.o
 .comment       0x0000000000000049       0x4a build/usbpd.o
 .comment       0x0000000000000049       0x4a build/usbpd_cad_hw_if.o
 .comment       0x0000000000000049       0x4a build/usbpd_hw.o
 .comment       0x0000000000000049       0x4a build/usbpd_hw_if_it.o
 .comment       0x0000000000000049       0x4a build/usbpd_phy.o
 .comment       0x0000000000000049       0x4a build/usbpd_phy_hw_if.o
 .comment       0x0000000000000049       0x4a build/usbpd_pwr_hw_if.o
 .comment       0x0000000000000049       0x4a build/usbpd_timersserver.o
 .comment       0x0000000000000049      0x5dd Middlewares/ST/STM32_USBPD_Library/Core/lib/USBPDCORE_PD3_FULL_CM4_wc32.a(usbpd_cad.o)
 .comment       0x0000000000000626      0x5dc Middlewares/ST/STM32_USBPD_Library/Core/lib/USBPDCORE_PD3_FULL_CM4_wc32.a(usbpd_pe.o)
 .comment       0x0000000000000c02      0x5e0 Middlewares/ST/STM32_USBPD_Library/Core/lib/USBPDCORE_PD3_FULL_CM4_wc32.a(usbpd_pe_lib.o)
 .comment       0x00000000000011e2      0x5e0 Middlewares/ST/STM32_USBPD_Library/Core/lib/USBPDCORE_PD3_FULL_CM4_wc32.a(usbpd_pe_msg.o)
 .comment       0x00000000000017c2      0x5e0 Middlewares/ST/STM32_USBPD_Library/Core/lib/USBPDCORE_PD3_FULL_CM4_wc32.a(usbpd_pe_snk.o)
 .comment       0x0000000000001da2      0x5e0 Middlewares/ST/STM32_USBPD_Library/Core/lib/USBPDCORE_PD3_FULL_CM4_wc32.a(usbpd_pe_src.o)
 .comment       0x0000000000002382      0x5e2 Middlewares/ST/STM32_USBPD_Library/Core/lib/USBPDCORE_PD3_FULL_CM4_wc32.a(usbpd_pe_vconn.o)
 .comment       0x0000000000002964      0x5e0 Middlewares/ST/STM32_USBPD_Library/Core/lib/USBPDCORE_PD3_FULL_CM4_wc32.a(usbpd_pe_vdm.o)
 .comment       0x0000000000002f44      0x5dd Middlewares/ST/STM32_USBPD_Library/Core/lib/USBPDCORE_PD3_FULL_CM4_wc32.a(usbpd_prl.o)

.iar.rtmodel    0x0000000000000000      0x33c
 .iar.rtmodel   0x0000000000000000       0x5c Middlewares/ST/STM32_USBPD_Library/Core/lib/USBPDCORE_PD3_FULL_CM4_wc32.a(usbpd_cad.o)
 .iar.rtmodel   0x000000000000005c       0x5c Middlewares/ST/STM32_USBPD_Library/Core/lib/USBPDCORE_PD3_FULL_CM4_wc32.a(usbpd_pe.o)
 .iar.rtmodel   0x00000000000000b8       0x5c Middlewares/ST/STM32_USBPD_Library/Core/lib/USBPDCORE_PD3_FULL_CM4_wc32.a(usbpd_pe_lib.o)
 .iar.rtmodel   0x0000000000000114       0x5c Middlewares/ST/STM32_USBPD_Library/Core/lib/USBPDCORE_PD3_FULL_CM4_wc32.a(usbpd_pe_msg.o)
 .iar.rtmodel   0x0000000000000170       0x5c Middlewares/ST/STM32_USBPD_Library/Core/lib/USBPDCORE_PD3_FULL_CM4_wc32.a(usbpd_pe_snk.o)
 .iar.rtmodel   0x00000000000001cc       0x5c Middlewares/ST/STM32_USBPD_Library/Core/lib/USBPDCORE_PD3_FULL_CM4_wc32.a(usbpd_pe_src.o)
 .iar.rtmodel   0x0000000000000228       0x5c Middlewares/ST/STM32_USBPD_Library/Core/lib/USBPDCORE_PD3_FULL_CM4_wc32.a(usbpd_pe_vconn.o)
 .iar.rtmodel   0x0000000000000284       0x5c Middlewares/ST/STM32_USBPD_Library/Core/lib/USBPDCORE_PD3_FULL_CM4_wc32.a(usbpd_pe_vdm.o)
 .iar.rtmodel   0x00000000000002e0       0x5c Middlewares/ST/STM32_USBPD_Library/Core/lib/USBPDCORE_PD3_FULL_CM4_wc32.a(usbpd_prl.o)

.iar_vfe_header
                0x0000000000000000       0x24
 .iar_vfe_header
                0x0000000000000000        0x4 Middlewares/ST/STM32_USBPD_Library/Core/lib/USBPDCORE_PD3_FULL_CM4_wc32.a(usbpd_cad.o)
 .iar_vfe_header
                0x0000000000000004        0x4 Middlewares/ST/STM32_USBPD_Library/Core/lib/USBPDCORE_PD3_FULL_CM4_wc32.a(usbpd_pe.o)
 .iar_vfe_header
                0x0000000000000008        0x4 Middlewares/ST/STM32_USBPD_Library/Core/lib/USBPDCORE_PD3_FULL_CM4_wc32.a(usbpd_pe_lib.o)
 .iar_vfe_header
                0x000000000000000c        0x4 Middlewares/ST/STM32_USBPD_Library/Core/lib/USBPDCORE_PD3_FULL_CM4_wc32.a(usbpd_pe_msg.o)
 .iar_vfe_header
                0x0000000000000010        0x4 Middlewares/ST/STM32_USBPD_Library/Core/lib/USBPDCORE_PD3_FULL_CM4_wc32.a(usbpd_pe_snk.o)
 .iar_vfe_header
                0x0000000000000014        0x4 Middlewares/ST/STM32_USBPD_Library/Core/lib/USBPDCORE_PD3_FULL_CM4_wc32.a(usbpd_pe_src.o)
 .iar_vfe_header
                0x0000000000000018        0x4 Middlewares/ST/STM32_USBPD_Library/Core/lib/USBPDCORE_PD3_FULL_CM4_wc32.a(usbpd_pe_vconn.o)
 .iar_vfe_header
                0x000000000000001c        0x4 Middlewares/ST/STM32_USBPD_Library/Core/lib/USBPDCORE_PD3_FULL_CM4_wc32.a(usbpd_pe_vdm.o)
 .iar_vfe_header
                0x0000000000000020        0x4 Middlewares/ST/STM32_USBPD_Library/Core/lib/USBPDCORE_PD3_FULL_CM4_wc32.a(usbpd_prl.o)

.iar.debug_frame
                0x0000000000000000      0x3bf
 .iar.debug_frame
                0x0000000000000000       0x89 Middlewares/ST/STM32_USBPD_Library/Core/lib/USBPDCORE_PD3_FULL_CM4_wc32.a(usbpd_pe.o)
 .iar.debug_frame
                0x0000000000000089       0x89 Middlewares/ST/STM32_USBPD_Library/Core/lib/USBPDCORE_PD3_FULL_CM4_wc32.a(usbpd_pe_msg.o)
 .iar.debug_frame
                0x0000000000000112       0x89 Middlewares/ST/STM32_USBPD_Library/Core/lib/USBPDCORE_PD3_FULL_CM4_wc32.a(usbpd_pe_snk.o)
 .iar.debug_frame
                0x000000000000019b       0x89 Middlewares/ST/STM32_USBPD_Library/Core/lib/USBPDCORE_PD3_FULL_CM4_wc32.a(usbpd_pe_src.o)
 .iar.debug_frame
                0x0000000000000224       0x89 Middlewares/ST/STM32_USBPD_Library/Core/lib/USBPDCORE_PD3_FULL_CM4_wc32.a(usbpd_pe_vconn.o)
 .iar.debug_frame
                0x00000000000002ad       0x89 Middlewares/ST/STM32_USBPD_Library/Core/lib/USBPDCORE_PD3_FULL_CM4_wc32.a(usbpd_pe_vdm.o)
 .iar.debug_frame
                0x0000000000000336       0x89 Middlewares/ST/STM32_USBPD_Library/Core/lib/USBPDCORE_PD3_FULL_CM4_wc32.a(usbpd_prl.o)

.debug_frame    0x0000000000000000     0x355c
 .debug_frame   0x0000000000000000       0x58 build/main.o
 .debug_frame   0x0000000000000058       0x28 build/gpio.o
 .debug_frame   0x0000000000000080       0x34 build/ucpd.o
 .debug_frame   0x00000000000000b4       0xe0 build/stm32g4xx_it.o
 .debug_frame   0x0000000000000194       0x2c build/stm32g4xx_hal_msp.o
 .debug_frame   0x00000000000001c0      0x268 build/stm32g4xx_hal_pwr_ex.o
 .debug_frame   0x0000000000000428       0x54 build/stm32g4xx_ll_ucpd.o
 .debug_frame   0x000000000000047c       0x54 build/stm32g4xx_ll_gpio.o
 .debug_frame   0x00000000000004d0       0x4c build/stm32g4xx_ll_dma.o
 .debug_frame   0x000000000000051c      0x2a4 build/stm32g4xx_hal.o
 .debug_frame   0x00000000000007c0      0x198 build/stm32g4xx_hal_rcc.o
 .debug_frame   0x0000000000000958      0x148 build/stm32g4xx_hal_cortex.o
 .debug_frame   0x0000000000000aa0       0x30 build/system_stm32g4xx.o
 .debug_frame   0x0000000000000ad0       0x28 build/dma.o
 .debug_frame   0x0000000000000af8       0xc8 build/usbpd_dpm_core.o
 .debug_frame   0x0000000000000bc0      0x434 build/usbpd_dpm_user.o
 .debug_frame   0x0000000000000ff4      0x15c build/usbpd_pwr_if.o
 .debug_frame   0x0000000000001150      0x1a0 build/usbpd_pwr_user.o
 .debug_frame   0x00000000000012f0       0x28 build/usbpd.o
 .debug_frame   0x0000000000001318      0x15c build/usbpd_cad_hw_if.o
 .debug_frame   0x0000000000001474       0x98 build/usbpd_hw.o
 .debug_frame   0x000000000000150c       0x44 build/usbpd_hw_if_it.o
 .debug_frame   0x0000000000001550      0x17c build/usbpd_phy.o
 .debug_frame   0x00000000000016cc      0x1bc build/usbpd_phy_hw_if.o
 .debug_frame   0x0000000000001888       0x8c build/usbpd_pwr_hw_if.o
 .debug_frame   0x0000000000001914       0x58 build/usbpd_timersserver.o
 .debug_frame   0x000000000000196c       0x2c /opt/homebrew/Cellar/arm-none-eabi-gcc/10.3-2021.10/gcc/bin/../lib/gcc/arm-none-eabi/10.3.1/../../../../arm-none-eabi/lib/thumb/v7e-m+fp/hard/libc_nano.a(lib_a-init.o)
 .debug_frame   0x0000000000001998       0x20 /opt/homebrew/Cellar/arm-none-eabi-gcc/10.3-2021.10/gcc/bin/../lib/gcc/arm-none-eabi/10.3.1/../../../../arm-none-eabi/lib/thumb/v7e-m+fp/hard/libc_nano.a(lib_a-memset.o)
 .debug_frame   0x00000000000019b8       0x21 Middlewares/ST/STM32_USBPD_Library/Core/lib/USBPDCORE_PD3_FULL_CM4_wc32.a(usbpd_cad.o)
 .debug_frame   0x00000000000019d9       0x5c Middlewares/ST/STM32_USBPD_Library/Core/lib/USBPDCORE_PD3_FULL_CM4_wc32.a(usbpd_cad.o)
 .debug_frame   0x0000000000001a35       0x10 Middlewares/ST/STM32_USBPD_Library/Core/lib/USBPDCORE_PD3_FULL_CM4_wc32.a(usbpd_cad.o)
 .debug_frame   0x0000000000001a45       0x1d Middlewares/ST/STM32_USBPD_Library/Core/lib/USBPDCORE_PD3_FULL_CM4_wc32.a(usbpd_cad.o)
 .debug_frame   0x0000000000001a62       0x1c Middlewares/ST/STM32_USBPD_Library/Core/lib/USBPDCORE_PD3_FULL_CM4_wc32.a(usbpd_cad.o)
 .debug_frame   0x0000000000001a7e       0x1c Middlewares/ST/STM32_USBPD_Library/Core/lib/USBPDCORE_PD3_FULL_CM4_wc32.a(usbpd_cad.o)
 .debug_frame   0x0000000000001a9a       0x10 Middlewares/ST/STM32_USBPD_Library/Core/lib/USBPDCORE_PD3_FULL_CM4_wc32.a(usbpd_cad.o)
 .debug_frame   0x0000000000001aaa       0x17 Middlewares/ST/STM32_USBPD_Library/Core/lib/USBPDCORE_PD3_FULL_CM4_wc32.a(usbpd_cad.o)
 .debug_frame   0x0000000000001ac1       0x10 Middlewares/ST/STM32_USBPD_Library/Core/lib/USBPDCORE_PD3_FULL_CM4_wc32.a(usbpd_cad.o)
 .debug_frame   0x0000000000001ad1       0x10 Middlewares/ST/STM32_USBPD_Library/Core/lib/USBPDCORE_PD3_FULL_CM4_wc32.a(usbpd_cad.o)
 .debug_frame   0x0000000000001ae1       0x1f Middlewares/ST/STM32_USBPD_Library/Core/lib/USBPDCORE_PD3_FULL_CM4_wc32.a(usbpd_pe.o)
 .debug_frame   0x0000000000001b00       0x5c Middlewares/ST/STM32_USBPD_Library/Core/lib/USBPDCORE_PD3_FULL_CM4_wc32.a(usbpd_pe.o)
 .debug_frame   0x0000000000001b5c       0x10 Middlewares/ST/STM32_USBPD_Library/Core/lib/USBPDCORE_PD3_FULL_CM4_wc32.a(usbpd_pe.o)
 .debug_frame   0x0000000000001b6c       0x19 Middlewares/ST/STM32_USBPD_Library/Core/lib/USBPDCORE_PD3_FULL_CM4_wc32.a(usbpd_pe.o)
 .debug_frame   0x0000000000001b85       0x11 Middlewares/ST/STM32_USBPD_Library/Core/lib/USBPDCORE_PD3_FULL_CM4_wc32.a(usbpd_pe.o)
 .debug_frame   0x0000000000001b96       0x5c Middlewares/ST/STM32_USBPD_Library/Core/lib/USBPDCORE_PD3_FULL_CM4_wc32.a(usbpd_pe.o)
 .debug_frame   0x0000000000001bf2       0x10 Middlewares/ST/STM32_USBPD_Library/Core/lib/USBPDCORE_PD3_FULL_CM4_wc32.a(usbpd_pe.o)
 .debug_frame   0x0000000000001c02       0x10 Middlewares/ST/STM32_USBPD_Library/Core/lib/USBPDCORE_PD3_FULL_CM4_wc32.a(usbpd_pe.o)
 .debug_frame   0x0000000000001c12       0x10 Middlewares/ST/STM32_USBPD_Library/Core/lib/USBPDCORE_PD3_FULL_CM4_wc32.a(usbpd_pe.o)
 .debug_frame   0x0000000000001c22       0x10 Middlewares/ST/STM32_USBPD_Library/Core/lib/USBPDCORE_PD3_FULL_CM4_wc32.a(usbpd_pe.o)
 .debug_frame   0x0000000000001c32       0x32 Middlewares/ST/STM32_USBPD_Library/Core/lib/USBPDCORE_PD3_FULL_CM4_wc32.a(usbpd_pe.o)
 .debug_frame   0x0000000000001c64       0x10 Middlewares/ST/STM32_USBPD_Library/Core/lib/USBPDCORE_PD3_FULL_CM4_wc32.a(usbpd_pe.o)
 .debug_frame   0x0000000000001c74       0x15 Middlewares/ST/STM32_USBPD_Library/Core/lib/USBPDCORE_PD3_FULL_CM4_wc32.a(usbpd_pe.o)
 .debug_frame   0x0000000000001c89       0x19 Middlewares/ST/STM32_USBPD_Library/Core/lib/USBPDCORE_PD3_FULL_CM4_wc32.a(usbpd_pe.o)
 .debug_frame   0x0000000000001ca2       0x28 Middlewares/ST/STM32_USBPD_Library/Core/lib/USBPDCORE_PD3_FULL_CM4_wc32.a(usbpd_pe.o)
 .debug_frame   0x0000000000001cca       0x1d Middlewares/ST/STM32_USBPD_Library/Core/lib/USBPDCORE_PD3_FULL_CM4_wc32.a(usbpd_pe.o)
 .debug_frame   0x0000000000001ce7       0x1d Middlewares/ST/STM32_USBPD_Library/Core/lib/USBPDCORE_PD3_FULL_CM4_wc32.a(usbpd_pe.o)
 .debug_frame   0x0000000000001d04       0x11 Middlewares/ST/STM32_USBPD_Library/Core/lib/USBPDCORE_PD3_FULL_CM4_wc32.a(usbpd_pe.o)
 .debug_frame   0x0000000000001d15       0x25 Middlewares/ST/STM32_USBPD_Library/Core/lib/USBPDCORE_PD3_FULL_CM4_wc32.a(usbpd_pe.o)
 .debug_frame   0x0000000000001d3a       0x19 Middlewares/ST/STM32_USBPD_Library/Core/lib/USBPDCORE_PD3_FULL_CM4_wc32.a(usbpd_pe.o)
 .debug_frame   0x0000000000001d53       0x10 Middlewares/ST/STM32_USBPD_Library/Core/lib/USBPDCORE_PD3_FULL_CM4_wc32.a(usbpd_pe.o)
 .debug_frame   0x0000000000001d63       0x10 Middlewares/ST/STM32_USBPD_Library/Core/lib/USBPDCORE_PD3_FULL_CM4_wc32.a(usbpd_pe.o)
 .debug_frame   0x0000000000001d73       0x1d Middlewares/ST/STM32_USBPD_Library/Core/lib/USBPDCORE_PD3_FULL_CM4_wc32.a(usbpd_pe.o)
 .debug_frame   0x0000000000001d90       0x23 Middlewares/ST/STM32_USBPD_Library/Core/lib/USBPDCORE_PD3_FULL_CM4_wc32.a(usbpd_pe.o)
 .debug_frame   0x0000000000001db3       0x10 Middlewares/ST/STM32_USBPD_Library/Core/lib/USBPDCORE_PD3_FULL_CM4_wc32.a(usbpd_pe.o)
 .debug_frame   0x0000000000001dc3       0x10 Middlewares/ST/STM32_USBPD_Library/Core/lib/USBPDCORE_PD3_FULL_CM4_wc32.a(usbpd_pe.o)
 .debug_frame   0x0000000000001dd3       0x19 Middlewares/ST/STM32_USBPD_Library/Core/lib/USBPDCORE_PD3_FULL_CM4_wc32.a(usbpd_pe.o)
 .debug_frame   0x0000000000001dec       0x19 Middlewares/ST/STM32_USBPD_Library/Core/lib/USBPDCORE_PD3_FULL_CM4_wc32.a(usbpd_pe.o)
 .debug_frame   0x0000000000001e05       0x10 Middlewares/ST/STM32_USBPD_Library/Core/lib/USBPDCORE_PD3_FULL_CM4_wc32.a(usbpd_pe.o)
 .debug_frame   0x0000000000001e15       0x1c Middlewares/ST/STM32_USBPD_Library/Core/lib/USBPDCORE_PD3_FULL_CM4_wc32.a(usbpd_pe.o)
 .debug_frame   0x0000000000001e31       0x1b Middlewares/ST/STM32_USBPD_Library/Core/lib/USBPDCORE_PD3_FULL_CM4_wc32.a(usbpd_pe.o)
 .debug_frame   0x0000000000001e4c       0x11 Middlewares/ST/STM32_USBPD_Library/Core/lib/USBPDCORE_PD3_FULL_CM4_wc32.a(usbpd_pe.o)
 .debug_frame   0x0000000000001e5d       0x10 Middlewares/ST/STM32_USBPD_Library/Core/lib/USBPDCORE_PD3_FULL_CM4_wc32.a(usbpd_pe.o)
 .debug_frame   0x0000000000001e6d       0x17 Middlewares/ST/STM32_USBPD_Library/Core/lib/USBPDCORE_PD3_FULL_CM4_wc32.a(usbpd_pe.o)
 .debug_frame   0x0000000000001e84       0x11 Middlewares/ST/STM32_USBPD_Library/Core/lib/USBPDCORE_PD3_FULL_CM4_wc32.a(usbpd_pe.o)
 .debug_frame   0x0000000000001e95       0x1f Middlewares/ST/STM32_USBPD_Library/Core/lib/USBPDCORE_PD3_FULL_CM4_wc32.a(usbpd_pe.o)
 .debug_frame   0x0000000000001eb4       0x10 Middlewares/ST/STM32_USBPD_Library/Core/lib/USBPDCORE_PD3_FULL_CM4_wc32.a(usbpd_pe.o)